INFO  2025-06-08 20:11:11,529 [main] [{}] net.mims.lakes.MinnLakesApplication: Starting MinnLakesApplication using Java 21.0.6 with PID 29015 (/home/leroy/NetBeansProjects/MinnLakesAPI/target/classes started by leroy in /home/leroy/NetBeansProjects/MinnLakesAPI)
INFO  2025-06-08 20:11:11,529 [main] [{}] net.mims.lakes.MinnLakesApplication: Starting MinnLakesApplication using Java 21.0.6 with PID 29015 (/home/leroy/NetBeansProjects/MinnLakesAPI/target/classes started by leroy in /home/leroy/NetBeansProjects/MinnLakesAPI)
INFO  2025-06-08 20:11:11,530 [main] [{}] net.mims.lakes.MinnLakesApplication: No active profile set, falling back to 1 default profile: "default"
INFO  2025-06-08 20:11:11,530 [main] [{}] net.mims.lakes.MinnLakesApplication: No active profile set, falling back to 1 default profile: "default"
INFO  2025-06-08 20:11:12,068 [main] [{}] org.springframework.data.repository.config.RepositoryConfigurationDelegate: Bootstrapping Spring Data JPA repositories in DEFAULT mode.
INFO  2025-06-08 20:11:12,152 [main] [{}] org.springframework.data.repository.config.RepositoryConfigurationDelegate: Finished Spring Data repository scanning in 78 ms. Found 2 JPA repository interfaces.
INFO  2025-06-08 20:11:12,538 [main] [{}] org.springframework.boot.web.embedded.tomcat.TomcatWebServer: Tomcat initialized with port 8080 (http)
INFO  2025-06-08 20:11:12,552 [main] [{}] org.apache.coyote.http11.Http11NioProtocol: Initializing ProtocolHandler ["http-nio-8080"]
INFO  2025-06-08 20:11:12,554 [main] [{}] org.apache.catalina.core.StandardService: Starting service [Tomcat]
INFO  2025-06-08 20:11:12,554 [main] [{}] org.apache.catalina.core.StandardEngine: Starting Servlet engine: [Apache Tomcat/11.0.7]
INFO  2025-06-08 20:11:12,592 [main] [{}] org.apache.catalina.core.ContainerBase.[Tomcat].[localhost].[/]: Initializing Spring embedded WebApplicationContext
INFO  2025-06-08 20:11:12,593 [main] [{}] org.springframework.boot.web.servlet.context.ServletWebServerApplicationContext: Root WebApplicationContext: initialization completed in 1031 ms
ERROR 2025-06-08 20:11:12,616 [main] [{}] org.apache.catalina.core.ContainerBase.[Tomcat].[localhost].[/]: Exception starting filter [requestContextFilter]
java.lang.NoClassDefFoundError: jakarta/annotation/PostConstruct
	at org.apache.catalina.core.DefaultInstanceManager.findPostConstruct(DefaultInstanceManager.java:623) ~[tomcat-embed-core-11.0.7.jar:11.0.7]
	at org.apache.catalina.core.DefaultInstanceManager.populateAnnotationsCache(DefaultInstanceManager.java:342) ~[tomcat-embed-core-11.0.7.jar:11.0.7]
	at org.apache.catalina.core.DefaultInstanceManager.newInstance(DefaultInstanceManager.java:160) ~[tomcat-embed-core-11.0.7.jar:11.0.7]
	at org.apache.catalina.core.DefaultInstanceManager.newInstance(DefaultInstanceManager.java:153) ~[tomcat-embed-core-11.0.7.jar:11.0.7]
	at org.apache.catalina.core.ApplicationFilterConfig.<init>(ApplicationFilterConfig.java:100) ~[tomcat-embed-core-11.0.7.jar:11.0.7]
	at org.apache.catalina.core.StandardContext.filterStart(StandardContext.java:3865) ~[tomcat-embed-core-11.0.7.jar:11.0.7]
	at org.apache.catalina.core.StandardContext.startInternal(StandardContext.java:4464) ~[tomcat-embed-core-11.0.7.jar:11.0.7]
	at org.apache.catalina.util.LifecycleBase.start(LifecycleBase.java:164) ~[tomcat-embed-core-11.0.7.jar:11.0.7]
	at org.apache.catalina.core.ContainerBase$StartChild.call(ContainerBase.java:1164) ~[tomcat-embed-core-11.0.7.jar:11.0.7]
	at org.apache.catalina.core.ContainerBase$StartChild.call(ContainerBase.java:1160) ~[tomcat-embed-core-11.0.7.jar:11.0.7]
	at java.base/java.util.concurrent.FutureTask.run(FutureTask.java:317) ~[?:?]
	at org.apache.tomcat.util.threads.InlineExecutorService.execute(InlineExecutorService.java:75) ~[tomcat-embed-core-11.0.7.jar:11.0.7]
	at java.base/java.util.concurrent.AbstractExecutorService.submit(AbstractExecutorService.java:145) ~[?:?]
	at org.apache.catalina.core.ContainerBase.startInternal(ContainerBase.java:716) ~[tomcat-embed-core-11.0.7.jar:11.0.7]
	at org.apache.catalina.core.StandardHost.startInternal(StandardHost.java:769) ~[tomcat-embed-core-11.0.7.jar:11.0.7]
	at org.apache.catalina.util.LifecycleBase.start(LifecycleBase.java:164) ~[tomcat-embed-core-11.0.7.jar:11.0.7]
	at org.apache.catalina.core.ContainerBase$StartChild.call(ContainerBase.java:1164) ~[tomcat-embed-core-11.0.7.jar:11.0.7]
	at org.apache.catalina.core.ContainerBase$StartChild.call(ContainerBase.java:1160) ~[tomcat-embed-core-11.0.7.jar:11.0.7]
	at java.base/java.util.concurrent.FutureTask.run(FutureTask.java:317) ~[?:?]
	at org.apache.tomcat.util.threads.InlineExecutorService.execute(InlineExecutorService.java:75) ~[tomcat-embed-core-11.0.7.jar:11.0.7]
	at java.base/java.util.concurrent.AbstractExecutorService.submit(AbstractExecutorService.java:145) ~[?:?]
	at org.apache.catalina.core.ContainerBase.startInternal(ContainerBase.java:716) ~[tomcat-embed-core-11.0.7.jar:11.0.7]
	at org.apache.catalina.core.StandardEngine.startInternal(StandardEngine.java:203) ~[tomcat-embed-core-11.0.7.jar:11.0.7]
	at org.apache.catalina.util.LifecycleBase.start(LifecycleBase.java:164) ~[tomcat-embed-core-11.0.7.jar:11.0.7]
	at org.apache.catalina.core.StandardService.startInternal(StandardService.java:412) ~[tomcat-embed-core-11.0.7.jar:11.0.7]
	at org.apache.catalina.util.LifecycleBase.start(LifecycleBase.java:164) ~[tomcat-embed-core-11.0.7.jar:11.0.7]
	at org.apache.catalina.core.StandardServer.startInternal(StandardServer.java:866) ~[tomcat-embed-core-11.0.7.jar:11.0.7]
	at org.apache.catalina.util.LifecycleBase.start(LifecycleBase.java:164) ~[tomcat-embed-core-11.0.7.jar:11.0.7]
	at org.apache.catalina.startup.Tomcat.start(Tomcat.java:437) ~[tomcat-embed-core-11.0.7.jar:11.0.7]
	at org.springframework.boot.web.embedded.tomcat.TomcatWebServer.initialize(TomcatWebServer.java:128) ~[spring-boot-3.5.0.jar:3.5.0]
	at org.springframework.boot.web.embedded.tomcat.TomcatWebServer.<init>(TomcatWebServer.java:107) ~[spring-boot-3.5.0.jar:3.5.0]
	at org.springframework.boot.web.embedded.tomcat.TomcatServletWebServerFactory.getTomcatWebServer(TomcatServletWebServerFactory.java:517) ~[spring-boot-3.5.0.jar:3.5.0]
	at org.springframework.boot.web.embedded.tomcat.TomcatServletWebServerFactory.getWebServer(TomcatServletWebServerFactory.java:219) ~[spring-boot-3.5.0.jar:3.5.0]
	at org.springframework.boot.web.servlet.context.ServletWebServerApplicationContext.createWebServer(ServletWebServerApplicationContext.java:193) ~[spring-boot-3.5.0.jar:3.5.0]
	at org.springframework.boot.web.servlet.context.ServletWebServerApplicationContext.onRefresh(ServletWebServerApplicationContext.java:167) ~[spring-boot-3.5.0.jar:3.5.0]
	at org.springframework.context.support.AbstractApplicationContext.refresh(AbstractApplicationContext.java:621) ~[spring-context-6.2.7.jar:6.2.7]
	at org.springframework.boot.web.servlet.context.ServletWebServerApplicationContext.refresh(ServletWebServerApplicationContext.java:146) ~[spring-boot-3.5.0.jar:3.5.0]
	at org.springframework.boot.SpringApplication.refresh(SpringApplication.java:753) ~[spring-boot-3.5.0.jar:3.5.0]
	at org.springframework.boot.SpringApplication.refreshContext(SpringApplication.java:439) ~[spring-boot-3.5.0.jar:3.5.0]
	at org.springframework.boot.SpringApplication.run(SpringApplication.java:318) ~[spring-boot-3.5.0.jar:3.5.0]
	at org.springframework.boot.SpringApplication.run(SpringApplication.java:1362) ~[spring-boot-3.5.0.jar:3.5.0]
	at org.springframework.boot.SpringApplication.run(SpringApplication.java:1351) ~[spring-boot-3.5.0.jar:3.5.0]
	at net.mims.lakes.MinnLakesApplication.main(MinnLakesApplication.java:24) ~[classes/:?]
Caused by: java.lang.ClassNotFoundException: jakarta.annotation.PostConstruct
	at java.base/jdk.internal.loader.BuiltinClassLoader.loadClass(BuiltinClassLoader.java:641) ~[?:?]
	at java.base/jdk.internal.loader.ClassLoaders$AppClassLoader.loadClass(ClassLoaders.java:188) ~[?:?]
	at java.base/java.lang.ClassLoader.loadClass(ClassLoader.java:526) ~[?:?]
	... 43 more
ERROR 2025-06-08 20:11:12,616 [main] [{}] org.apache.catalina.core.ContainerBase.[Tomcat].[localhost].[/]: Exception starting filter [resourceUrlEncodingFilter]
java.lang.NoClassDefFoundError: jakarta/annotation/PostConstruct
	at org.apache.catalina.core.DefaultInstanceManager.findPostConstruct(DefaultInstanceManager.java:623) ~[tomcat-embed-core-11.0.7.jar:11.0.7]
	at org.apache.catalina.core.DefaultInstanceManager.populateAnnotationsCache(DefaultInstanceManager.java:342) ~[tomcat-embed-core-11.0.7.jar:11.0.7]
	at org.apache.catalina.core.DefaultInstanceManager.newInstance(DefaultInstanceManager.java:160) ~[tomcat-embed-core-11.0.7.jar:11.0.7]
	at org.apache.catalina.core.DefaultInstanceManager.newInstance(DefaultInstanceManager.java:153) ~[tomcat-embed-core-11.0.7.jar:11.0.7]
	at org.apache.catalina.core.ApplicationFilterConfig.<init>(ApplicationFilterConfig.java:100) ~[tomcat-embed-core-11.0.7.jar:11.0.7]
	at org.apache.catalina.core.StandardContext.filterStart(StandardContext.java:3865) ~[tomcat-embed-core-11.0.7.jar:11.0.7]
	at org.apache.catalina.core.StandardContext.startInternal(StandardContext.java:4464) ~[tomcat-embed-core-11.0.7.jar:11.0.7]
	at org.apache.catalina.util.LifecycleBase.start(LifecycleBase.java:164) ~[tomcat-embed-core-11.0.7.jar:11.0.7]
	at org.apache.catalina.core.ContainerBase$StartChild.call(ContainerBase.java:1164) ~[tomcat-embed-core-11.0.7.jar:11.0.7]
	at org.apache.catalina.core.ContainerBase$StartChild.call(ContainerBase.java:1160) ~[tomcat-embed-core-11.0.7.jar:11.0.7]
	at java.base/java.util.concurrent.FutureTask.run(FutureTask.java:317) ~[?:?]
	at org.apache.tomcat.util.threads.InlineExecutorService.execute(InlineExecutorService.java:75) ~[tomcat-embed-core-11.0.7.jar:11.0.7]
	at java.base/java.util.concurrent.AbstractExecutorService.submit(AbstractExecutorService.java:145) ~[?:?]
	at org.apache.catalina.core.ContainerBase.startInternal(ContainerBase.java:716) ~[tomcat-embed-core-11.0.7.jar:11.0.7]
	at org.apache.catalina.core.StandardHost.startInternal(StandardHost.java:769) ~[tomcat-embed-core-11.0.7.jar:11.0.7]
	at org.apache.catalina.util.LifecycleBase.start(LifecycleBase.java:164) ~[tomcat-embed-core-11.0.7.jar:11.0.7]
	at org.apache.catalina.core.ContainerBase$StartChild.call(ContainerBase.java:1164) ~[tomcat-embed-core-11.0.7.jar:11.0.7]
	at org.apache.catalina.core.ContainerBase$StartChild.call(ContainerBase.java:1160) ~[tomcat-embed-core-11.0.7.jar:11.0.7]
	at java.base/java.util.concurrent.FutureTask.run(FutureTask.java:317) ~[?:?]
	at org.apache.tomcat.util.threads.InlineExecutorService.execute(InlineExecutorService.java:75) ~[tomcat-embed-core-11.0.7.jar:11.0.7]
	at java.base/java.util.concurrent.AbstractExecutorService.submit(AbstractExecutorService.java:145) ~[?:?]
	at org.apache.catalina.core.ContainerBase.startInternal(ContainerBase.java:716) ~[tomcat-embed-core-11.0.7.jar:11.0.7]
	at org.apache.catalina.core.StandardEngine.startInternal(StandardEngine.java:203) ~[tomcat-embed-core-11.0.7.jar:11.0.7]
	at org.apache.catalina.util.LifecycleBase.start(LifecycleBase.java:164) ~[tomcat-embed-core-11.0.7.jar:11.0.7]
	at org.apache.catalina.core.StandardService.startInternal(StandardService.java:412) ~[tomcat-embed-core-11.0.7.jar:11.0.7]
	at org.apache.catalina.util.LifecycleBase.start(LifecycleBase.java:164) ~[tomcat-embed-core-11.0.7.jar:11.0.7]
	at org.apache.catalina.core.StandardServer.startInternal(StandardServer.java:866) ~[tomcat-embed-core-11.0.7.jar:11.0.7]
	at org.apache.catalina.util.LifecycleBase.start(LifecycleBase.java:164) ~[tomcat-embed-core-11.0.7.jar:11.0.7]
	at org.apache.catalina.startup.Tomcat.start(Tomcat.java:437) ~[tomcat-embed-core-11.0.7.jar:11.0.7]
	at org.springframework.boot.web.embedded.tomcat.TomcatWebServer.initialize(TomcatWebServer.java:128) ~[spring-boot-3.5.0.jar:3.5.0]
	at org.springframework.boot.web.embedded.tomcat.TomcatWebServer.<init>(TomcatWebServer.java:107) ~[spring-boot-3.5.0.jar:3.5.0]
	at org.springframework.boot.web.embedded.tomcat.TomcatServletWebServerFactory.getTomcatWebServer(TomcatServletWebServerFactory.java:517) ~[spring-boot-3.5.0.jar:3.5.0]
	at org.springframework.boot.web.embedded.tomcat.TomcatServletWebServerFactory.getWebServer(TomcatServletWebServerFactory.java:219) ~[spring-boot-3.5.0.jar:3.5.0]
	at org.springframework.boot.web.servlet.context.ServletWebServerApplicationContext.createWebServer(ServletWebServerApplicationContext.java:193) ~[spring-boot-3.5.0.jar:3.5.0]
	at org.springframework.boot.web.servlet.context.ServletWebServerApplicationContext.onRefresh(ServletWebServerApplicationContext.java:167) ~[spring-boot-3.5.0.jar:3.5.0]
	at org.springframework.context.support.AbstractApplicationContext.refresh(AbstractApplicationContext.java:621) ~[spring-context-6.2.7.jar:6.2.7]
	at org.springframework.boot.web.servlet.context.ServletWebServerApplicationContext.refresh(ServletWebServerApplicationContext.java:146) ~[spring-boot-3.5.0.jar:3.5.0]
	at org.springframework.boot.SpringApplication.refresh(SpringApplication.java:753) ~[spring-boot-3.5.0.jar:3.5.0]
	at org.springframework.boot.SpringApplication.refreshContext(SpringApplication.java:439) ~[spring-boot-3.5.0.jar:3.5.0]
	at org.springframework.boot.SpringApplication.run(SpringApplication.java:318) ~[spring-boot-3.5.0.jar:3.5.0]
	at org.springframework.boot.SpringApplication.run(SpringApplication.java:1362) ~[spring-boot-3.5.0.jar:3.5.0]
	at org.springframework.boot.SpringApplication.run(SpringApplication.java:1351) ~[spring-boot-3.5.0.jar:3.5.0]
	at net.mims.lakes.MinnLakesApplication.main(MinnLakesApplication.java:24) ~[classes/:?]
Caused by: java.lang.ClassNotFoundException: jakarta.annotation.PostConstruct
	... 43 more
ERROR 2025-06-08 20:11:12,617 [main] [{}] org.apache.catalina.core.ContainerBase.[Tomcat].[localhost].[/]: Exception starting filter [Tomcat WebSocket (JSR356) Filter]
java.lang.NoClassDefFoundError: jakarta/annotation/PostConstruct
	at org.apache.catalina.core.DefaultInstanceManager.findPostConstruct(DefaultInstanceManager.java:623) ~[tomcat-embed-core-11.0.7.jar:11.0.7]
	at org.apache.catalina.core.DefaultInstanceManager.populateAnnotationsCache(DefaultInstanceManager.java:342) ~[tomcat-embed-core-11.0.7.jar:11.0.7]
	at org.apache.catalina.core.DefaultInstanceManager.newInstance(DefaultInstanceManager.java:160) ~[tomcat-embed-core-11.0.7.jar:11.0.7]
	at org.apache.catalina.core.DefaultInstanceManager.newInstance(DefaultInstanceManager.java:153) ~[tomcat-embed-core-11.0.7.jar:11.0.7]
	at org.apache.catalina.core.ApplicationFilterConfig.<init>(ApplicationFilterConfig.java:100) ~[tomcat-embed-core-11.0.7.jar:11.0.7]
	at org.apache.catalina.core.StandardContext.filterStart(StandardContext.java:3865) ~[tomcat-embed-core-11.0.7.jar:11.0.7]
	at org.apache.catalina.core.StandardContext.startInternal(StandardContext.java:4464) ~[tomcat-embed-core-11.0.7.jar:11.0.7]
	at org.apache.catalina.util.LifecycleBase.start(LifecycleBase.java:164) ~[tomcat-embed-core-11.0.7.jar:11.0.7]
	at org.apache.catalina.core.ContainerBase$StartChild.call(ContainerBase.java:1164) ~[tomcat-embed-core-11.0.7.jar:11.0.7]
	at org.apache.catalina.core.ContainerBase$StartChild.call(ContainerBase.java:1160) ~[tomcat-embed-core-11.0.7.jar:11.0.7]
	at java.base/java.util.concurrent.FutureTask.run(FutureTask.java:317) ~[?:?]
	at org.apache.tomcat.util.threads.InlineExecutorService.execute(InlineExecutorService.java:75) ~[tomcat-embed-core-11.0.7.jar:11.0.7]
	at java.base/java.util.concurrent.AbstractExecutorService.submit(AbstractExecutorService.java:145) ~[?:?]
	at org.apache.catalina.core.ContainerBase.startInternal(ContainerBase.java:716) ~[tomcat-embed-core-11.0.7.jar:11.0.7]
	at org.apache.catalina.core.StandardHost.startInternal(StandardHost.java:769) ~[tomcat-embed-core-11.0.7.jar:11.0.7]
	at org.apache.catalina.util.LifecycleBase.start(LifecycleBase.java:164) ~[tomcat-embed-core-11.0.7.jar:11.0.7]
	at org.apache.catalina.core.ContainerBase$StartChild.call(ContainerBase.java:1164) ~[tomcat-embed-core-11.0.7.jar:11.0.7]
	at org.apache.catalina.core.ContainerBase$StartChild.call(ContainerBase.java:1160) ~[tomcat-embed-core-11.0.7.jar:11.0.7]
	at java.base/java.util.concurrent.FutureTask.run(FutureTask.java:317) ~[?:?]
	at org.apache.tomcat.util.threads.InlineExecutorService.execute(InlineExecutorService.java:75) ~[tomcat-embed-core-11.0.7.jar:11.0.7]
	at java.base/java.util.concurrent.AbstractExecutorService.submit(AbstractExecutorService.java:145) ~[?:?]
	at org.apache.catalina.core.ContainerBase.startInternal(ContainerBase.java:716) ~[tomcat-embed-core-11.0.7.jar:11.0.7]
	at org.apache.catalina.core.StandardEngine.startInternal(StandardEngine.java:203) ~[tomcat-embed-core-11.0.7.jar:11.0.7]
	at org.apache.catalina.util.LifecycleBase.start(LifecycleBase.java:164) ~[tomcat-embed-core-11.0.7.jar:11.0.7]
	at org.apache.catalina.core.StandardService.startInternal(StandardService.java:412) ~[tomcat-embed-core-11.0.7.jar:11.0.7]
	at org.apache.catalina.util.LifecycleBase.start(LifecycleBase.java:164) ~[tomcat-embed-core-11.0.7.jar:11.0.7]
	at org.apache.catalina.core.StandardServer.startInternal(StandardServer.java:866) ~[tomcat-embed-core-11.0.7.jar:11.0.7]
	at org.apache.catalina.util.LifecycleBase.start(LifecycleBase.java:164) ~[tomcat-embed-core-11.0.7.jar:11.0.7]
	at org.apache.catalina.startup.Tomcat.start(Tomcat.java:437) ~[tomcat-embed-core-11.0.7.jar:11.0.7]
	at org.springframework.boot.web.embedded.tomcat.TomcatWebServer.initialize(TomcatWebServer.java:128) ~[spring-boot-3.5.0.jar:3.5.0]
	at org.springframework.boot.web.embedded.tomcat.TomcatWebServer.<init>(TomcatWebServer.java:107) ~[spring-boot-3.5.0.jar:3.5.0]
	at org.springframework.boot.web.embedded.tomcat.TomcatServletWebServerFactory.getTomcatWebServer(TomcatServletWebServerFactory.java:517) ~[spring-boot-3.5.0.jar:3.5.0]
	at org.springframework.boot.web.embedded.tomcat.TomcatServletWebServerFactory.getWebServer(TomcatServletWebServerFactory.java:219) ~[spring-boot-3.5.0.jar:3.5.0]
	at org.springframework.boot.web.servlet.context.ServletWebServerApplicationContext.createWebServer(ServletWebServerApplicationContext.java:193) ~[spring-boot-3.5.0.jar:3.5.0]
	at org.springframework.boot.web.servlet.context.ServletWebServerApplicationContext.onRefresh(ServletWebServerApplicationContext.java:167) ~[spring-boot-3.5.0.jar:3.5.0]
	at org.springframework.context.support.AbstractApplicationContext.refresh(AbstractApplicationContext.java:621) ~[spring-context-6.2.7.jar:6.2.7]
	at org.springframework.boot.web.servlet.context.ServletWebServerApplicationContext.refresh(ServletWebServerApplicationContext.java:146) ~[spring-boot-3.5.0.jar:3.5.0]
	at org.springframework.boot.SpringApplication.refresh(SpringApplication.java:753) ~[spring-boot-3.5.0.jar:3.5.0]
	at org.springframework.boot.SpringApplication.refreshContext(SpringApplication.java:439) ~[spring-boot-3.5.0.jar:3.5.0]
	at org.springframework.boot.SpringApplication.run(SpringApplication.java:318) ~[spring-boot-3.5.0.jar:3.5.0]
	at org.springframework.boot.SpringApplication.run(SpringApplication.java:1362) ~[spring-boot-3.5.0.jar:3.5.0]
	at org.springframework.boot.SpringApplication.run(SpringApplication.java:1351) ~[spring-boot-3.5.0.jar:3.5.0]
	at net.mims.lakes.MinnLakesApplication.main(MinnLakesApplication.java:24) ~[classes/:?]
Caused by: java.lang.ClassNotFoundException: jakarta.annotation.PostConstruct
	... 43 more
ERROR 2025-06-08 20:11:12,617 [main] [{}] org.apache.catalina.core.ContainerBase.[Tomcat].[localhost].[/]: Exception starting filter [characterEncodingFilter]
java.lang.NoClassDefFoundError: jakarta/annotation/PostConstruct
	at org.apache.catalina.core.DefaultInstanceManager.findPostConstruct(DefaultInstanceManager.java:623) ~[tomcat-embed-core-11.0.7.jar:11.0.7]
	at org.apache.catalina.core.DefaultInstanceManager.populateAnnotationsCache(DefaultInstanceManager.java:342) ~[tomcat-embed-core-11.0.7.jar:11.0.7]
	at org.apache.catalina.core.DefaultInstanceManager.newInstance(DefaultInstanceManager.java:160) ~[tomcat-embed-core-11.0.7.jar:11.0.7]
	at org.apache.catalina.core.DefaultInstanceManager.newInstance(DefaultInstanceManager.java:153) ~[tomcat-embed-core-11.0.7.jar:11.0.7]
	at org.apache.catalina.core.ApplicationFilterConfig.<init>(ApplicationFilterConfig.java:100) ~[tomcat-embed-core-11.0.7.jar:11.0.7]
	at org.apache.catalina.core.StandardContext.filterStart(StandardContext.java:3865) ~[tomcat-embed-core-11.0.7.jar:11.0.7]
	at org.apache.catalina.core.StandardContext.startInternal(StandardContext.java:4464) ~[tomcat-embed-core-11.0.7.jar:11.0.7]
	at org.apache.catalina.util.LifecycleBase.start(LifecycleBase.java:164) ~[tomcat-embed-core-11.0.7.jar:11.0.7]
	at org.apache.catalina.core.ContainerBase$StartChild.call(ContainerBase.java:1164) ~[tomcat-embed-core-11.0.7.jar:11.0.7]
	at org.apache.catalina.core.ContainerBase$StartChild.call(ContainerBase.java:1160) ~[tomcat-embed-core-11.0.7.jar:11.0.7]
	at java.base/java.util.concurrent.FutureTask.run(FutureTask.java:317) ~[?:?]
	at org.apache.tomcat.util.threads.InlineExecutorService.execute(InlineExecutorService.java:75) ~[tomcat-embed-core-11.0.7.jar:11.0.7]
	at java.base/java.util.concurrent.AbstractExecutorService.submit(AbstractExecutorService.java:145) ~[?:?]
	at org.apache.catalina.core.ContainerBase.startInternal(ContainerBase.java:716) ~[tomcat-embed-core-11.0.7.jar:11.0.7]
	at org.apache.catalina.core.StandardHost.startInternal(StandardHost.java:769) ~[tomcat-embed-core-11.0.7.jar:11.0.7]
	at org.apache.catalina.util.LifecycleBase.start(LifecycleBase.java:164) ~[tomcat-embed-core-11.0.7.jar:11.0.7]
	at org.apache.catalina.core.ContainerBase$StartChild.call(ContainerBase.java:1164) ~[tomcat-embed-core-11.0.7.jar:11.0.7]
	at org.apache.catalina.core.ContainerBase$StartChild.call(ContainerBase.java:1160) ~[tomcat-embed-core-11.0.7.jar:11.0.7]
	at java.base/java.util.concurrent.FutureTask.run(FutureTask.java:317) ~[?:?]
	at org.apache.tomcat.util.threads.InlineExecutorService.execute(InlineExecutorService.java:75) ~[tomcat-embed-core-11.0.7.jar:11.0.7]
	at java.base/java.util.concurrent.AbstractExecutorService.submit(AbstractExecutorService.java:145) ~[?:?]
	at org.apache.catalina.core.ContainerBase.startInternal(ContainerBase.java:716) ~[tomcat-embed-core-11.0.7.jar:11.0.7]
	at org.apache.catalina.core.StandardEngine.startInternal(StandardEngine.java:203) ~[tomcat-embed-core-11.0.7.jar:11.0.7]
	at org.apache.catalina.util.LifecycleBase.start(LifecycleBase.java:164) ~[tomcat-embed-core-11.0.7.jar:11.0.7]
	at org.apache.catalina.core.StandardService.startInternal(StandardService.java:412) ~[tomcat-embed-core-11.0.7.jar:11.0.7]
	at org.apache.catalina.util.LifecycleBase.start(LifecycleBase.java:164) ~[tomcat-embed-core-11.0.7.jar:11.0.7]
	at org.apache.catalina.core.StandardServer.startInternal(StandardServer.java:866) ~[tomcat-embed-core-11.0.7.jar:11.0.7]
	at org.apache.catalina.util.LifecycleBase.start(LifecycleBase.java:164) ~[tomcat-embed-core-11.0.7.jar:11.0.7]
	at org.apache.catalina.startup.Tomcat.start(Tomcat.java:437) ~[tomcat-embed-core-11.0.7.jar:11.0.7]
	at org.springframework.boot.web.embedded.tomcat.TomcatWebServer.initialize(TomcatWebServer.java:128) ~[spring-boot-3.5.0.jar:3.5.0]
	at org.springframework.boot.web.embedded.tomcat.TomcatWebServer.<init>(TomcatWebServer.java:107) ~[spring-boot-3.5.0.jar:3.5.0]
	at org.springframework.boot.web.embedded.tomcat.TomcatServletWebServerFactory.getTomcatWebServer(TomcatServletWebServerFactory.java:517) ~[spring-boot-3.5.0.jar:3.5.0]
	at org.springframework.boot.web.embedded.tomcat.TomcatServletWebServerFactory.getWebServer(TomcatServletWebServerFactory.java:219) ~[spring-boot-3.5.0.jar:3.5.0]
	at org.springframework.boot.web.servlet.context.ServletWebServerApplicationContext.createWebServer(ServletWebServerApplicationContext.java:193) ~[spring-boot-3.5.0.jar:3.5.0]
	at org.springframework.boot.web.servlet.context.ServletWebServerApplicationContext.onRefresh(ServletWebServerApplicationContext.java:167) ~[spring-boot-3.5.0.jar:3.5.0]
	at org.springframework.context.support.AbstractApplicationContext.refresh(AbstractApplicationContext.java:621) ~[spring-context-6.2.7.jar:6.2.7]
	at org.springframework.boot.web.servlet.context.ServletWebServerApplicationContext.refresh(ServletWebServerApplicationContext.java:146) ~[spring-boot-3.5.0.jar:3.5.0]
	at org.springframework.boot.SpringApplication.refresh(SpringApplication.java:753) ~[spring-boot-3.5.0.jar:3.5.0]
	at org.springframework.boot.SpringApplication.refreshContext(SpringApplication.java:439) ~[spring-boot-3.5.0.jar:3.5.0]
	at org.springframework.boot.SpringApplication.run(SpringApplication.java:318) ~[spring-boot-3.5.0.jar:3.5.0]
	at org.springframework.boot.SpringApplication.run(SpringApplication.java:1362) ~[spring-boot-3.5.0.jar:3.5.0]
	at org.springframework.boot.SpringApplication.run(SpringApplication.java:1351) ~[spring-boot-3.5.0.jar:3.5.0]
	at net.mims.lakes.MinnLakesApplication.main(MinnLakesApplication.java:24) ~[classes/:?]
Caused by: java.lang.ClassNotFoundException: jakarta.annotation.PostConstruct
	... 43 more
ERROR 2025-06-08 20:11:12,617 [main] [{}] org.apache.catalina.core.ContainerBase.[Tomcat].[localhost].[/]: Exception starting filter [formContentFilter]
java.lang.NoClassDefFoundError: jakarta/annotation/PostConstruct
	at org.apache.catalina.core.DefaultInstanceManager.findPostConstruct(DefaultInstanceManager.java:623) ~[tomcat-embed-core-11.0.7.jar:11.0.7]
	at org.apache.catalina.core.DefaultInstanceManager.populateAnnotationsCache(DefaultInstanceManager.java:342) ~[tomcat-embed-core-11.0.7.jar:11.0.7]
	at org.apache.catalina.core.DefaultInstanceManager.newInstance(DefaultInstanceManager.java:160) ~[tomcat-embed-core-11.0.7.jar:11.0.7]
	at org.apache.catalina.core.DefaultInstanceManager.newInstance(DefaultInstanceManager.java:153) ~[tomcat-embed-core-11.0.7.jar:11.0.7]
	at org.apache.catalina.core.ApplicationFilterConfig.<init>(ApplicationFilterConfig.java:100) ~[tomcat-embed-core-11.0.7.jar:11.0.7]
	at org.apache.catalina.core.StandardContext.filterStart(StandardContext.java:3865) ~[tomcat-embed-core-11.0.7.jar:11.0.7]
	at org.apache.catalina.core.StandardContext.startInternal(StandardContext.java:4464) ~[tomcat-embed-core-11.0.7.jar:11.0.7]
	at org.apache.catalina.util.LifecycleBase.start(LifecycleBase.java:164) ~[tomcat-embed-core-11.0.7.jar:11.0.7]
	at org.apache.catalina.core.ContainerBase$StartChild.call(ContainerBase.java:1164) ~[tomcat-embed-core-11.0.7.jar:11.0.7]
	at org.apache.catalina.core.ContainerBase$StartChild.call(ContainerBase.java:1160) ~[tomcat-embed-core-11.0.7.jar:11.0.7]
	at java.base/java.util.concurrent.FutureTask.run(FutureTask.java:317) ~[?:?]
	at org.apache.tomcat.util.threads.InlineExecutorService.execute(InlineExecutorService.java:75) ~[tomcat-embed-core-11.0.7.jar:11.0.7]
	at java.base/java.util.concurrent.AbstractExecutorService.submit(AbstractExecutorService.java:145) ~[?:?]
	at org.apache.catalina.core.ContainerBase.startInternal(ContainerBase.java:716) ~[tomcat-embed-core-11.0.7.jar:11.0.7]
	at org.apache.catalina.core.StandardHost.startInternal(StandardHost.java:769) ~[tomcat-embed-core-11.0.7.jar:11.0.7]
	at org.apache.catalina.util.LifecycleBase.start(LifecycleBase.java:164) ~[tomcat-embed-core-11.0.7.jar:11.0.7]
	at org.apache.catalina.core.ContainerBase$StartChild.call(ContainerBase.java:1164) ~[tomcat-embed-core-11.0.7.jar:11.0.7]
	at org.apache.catalina.core.ContainerBase$StartChild.call(ContainerBase.java:1160) ~[tomcat-embed-core-11.0.7.jar:11.0.7]
	at java.base/java.util.concurrent.FutureTask.run(FutureTask.java:317) ~[?:?]
	at org.apache.tomcat.util.threads.InlineExecutorService.execute(InlineExecutorService.java:75) ~[tomcat-embed-core-11.0.7.jar:11.0.7]
	at java.base/java.util.concurrent.AbstractExecutorService.submit(AbstractExecutorService.java:145) ~[?:?]
	at org.apache.catalina.core.ContainerBase.startInternal(ContainerBase.java:716) ~[tomcat-embed-core-11.0.7.jar:11.0.7]
	at org.apache.catalina.core.StandardEngine.startInternal(StandardEngine.java:203) ~[tomcat-embed-core-11.0.7.jar:11.0.7]
	at org.apache.catalina.util.LifecycleBase.start(LifecycleBase.java:164) ~[tomcat-embed-core-11.0.7.jar:11.0.7]
	at org.apache.catalina.core.StandardService.startInternal(StandardService.java:412) ~[tomcat-embed-core-11.0.7.jar:11.0.7]
	at org.apache.catalina.util.LifecycleBase.start(LifecycleBase.java:164) ~[tomcat-embed-core-11.0.7.jar:11.0.7]
	at org.apache.catalina.core.StandardServer.startInternal(StandardServer.java:866) ~[tomcat-embed-core-11.0.7.jar:11.0.7]
	at org.apache.catalina.util.LifecycleBase.start(LifecycleBase.java:164) ~[tomcat-embed-core-11.0.7.jar:11.0.7]
	at org.apache.catalina.startup.Tomcat.start(Tomcat.java:437) ~[tomcat-embed-core-11.0.7.jar:11.0.7]
	at org.springframework.boot.web.embedded.tomcat.TomcatWebServer.initialize(TomcatWebServer.java:128) ~[spring-boot-3.5.0.jar:3.5.0]
	at org.springframework.boot.web.embedded.tomcat.TomcatWebServer.<init>(TomcatWebServer.java:107) ~[spring-boot-3.5.0.jar:3.5.0]
	at org.springframework.boot.web.embedded.tomcat.TomcatServletWebServerFactory.getTomcatWebServer(TomcatServletWebServerFactory.java:517) ~[spring-boot-3.5.0.jar:3.5.0]
	at org.springframework.boot.web.embedded.tomcat.TomcatServletWebServerFactory.getWebServer(TomcatServletWebServerFactory.java:219) ~[spring-boot-3.5.0.jar:3.5.0]
	at org.springframework.boot.web.servlet.context.ServletWebServerApplicationContext.createWebServer(ServletWebServerApplicationContext.java:193) ~[spring-boot-3.5.0.jar:3.5.0]
	at org.springframework.boot.web.servlet.context.ServletWebServerApplicationContext.onRefresh(ServletWebServerApplicationContext.java:167) ~[spring-boot-3.5.0.jar:3.5.0]
	at org.springframework.context.support.AbstractApplicationContext.refresh(AbstractApplicationContext.java:621) ~[spring-context-6.2.7.jar:6.2.7]
	at org.springframework.boot.web.servlet.context.ServletWebServerApplicationContext.refresh(ServletWebServerApplicationContext.java:146) ~[spring-boot-3.5.0.jar:3.5.0]
	at org.springframework.boot.SpringApplication.refresh(SpringApplication.java:753) ~[spring-boot-3.5.0.jar:3.5.0]
	at org.springframework.boot.SpringApplication.refreshContext(SpringApplication.java:439) ~[spring-boot-3.5.0.jar:3.5.0]
	at org.springframework.boot.SpringApplication.run(SpringApplication.java:318) ~[spring-boot-3.5.0.jar:3.5.0]
	at org.springframework.boot.SpringApplication.run(SpringApplication.java:1362) ~[spring-boot-3.5.0.jar:3.5.0]
	at org.springframework.boot.SpringApplication.run(SpringApplication.java:1351) ~[spring-boot-3.5.0.jar:3.5.0]
	at net.mims.lakes.MinnLakesApplication.main(MinnLakesApplication.java:24) ~[classes/:?]
Caused by: java.lang.ClassNotFoundException: jakarta.annotation.PostConstruct
	... 43 more
ERROR 2025-06-08 20:11:12,617 [main] [{}] org.apache.catalina.core.StandardContext: One or more Filters failed to start. Full details will be found in the appropriate container log file
ERROR 2025-06-08 20:11:12,617 [main] [{}] org.apache.catalina.core.StandardContext: Context [] startup failed due to previous errors
WARN  2025-06-08 20:11:12,621 [main] [{}] org.apache.catalina.loader.WebappClassLoaderBase: You need to add "--add-opens=java.base/java.lang=ALL-UNNAMED" to the JVM command line arguments to enable ThreadLocal memory leak detection. Alternatively, you can suppress this warning by disabling ThreadLocal memory leak detection.
WARN  2025-06-08 20:11:12,622 [main] [{}] org.apache.catalina.loader.WebappClassLoaderBase: You need to add "--add-opens=java.rmi/sun.rmi.transport=ALL-UNNAMED" to the JVM command line arguments to enable RMI Target memory leak detection. Alternatively, you can suppress this warning by disabling RMI Target memory leak detection.
INFO  2025-06-08 20:11:12,624 [main] [{}] org.apache.coyote.http11.Http11NioProtocol: Starting ProtocolHandler ["http-nio-8080"]
INFO  2025-06-08 20:11:12,633 [main] [{}] org.apache.coyote.http11.Http11NioProtocol: Pausing ProtocolHandler ["http-nio-8080"]
INFO  2025-06-08 20:11:12,634 [main] [{}] org.apache.catalina.core.StandardService: Stopping service [Tomcat]
INFO  2025-06-08 20:11:12,634 [main] [{}] org.apache.coyote.http11.Http11NioProtocol: Stopping ProtocolHandler ["http-nio-8080"]
INFO  2025-06-08 20:11:12,635 [main] [{}] org.apache.coyote.http11.Http11NioProtocol: Destroying ProtocolHandler ["http-nio-8080"]
WARN  2025-06-08 20:11:12,635 [main] [{}] org.springframework.boot.web.servlet.context.AnnotationConfigServletWebServerApplicationContext: Exception encountered during context initialization - cancelling refresh attempt: org.springframework.context.ApplicationContextException: Unable to start web server
INFO  2025-06-08 20:11:12,645 [main] [{}] org.springframework.boot.autoconfigure.logging.ConditionEvaluationReportLogger: 

Error starting ApplicationContext. To display the condition evaluation report re-run your application with 'debug' enabled.
ERROR 2025-06-08 20:11:12,655 [main] [{}] org.springframework.boot.SpringApplication: Application run failed
org.springframework.context.ApplicationContextException: Unable to start web server
	at org.springframework.boot.web.servlet.context.ServletWebServerApplicationContext.onRefresh(ServletWebServerApplicationContext.java:170) ~[spring-boot-3.5.0.jar:3.5.0]
	at org.springframework.context.support.AbstractApplicationContext.refresh(AbstractApplicationContext.java:621) ~[spring-context-6.2.7.jar:6.2.7]
	at org.springframework.boot.web.servlet.context.ServletWebServerApplicationContext.refresh(ServletWebServerApplicationContext.java:146) ~[spring-boot-3.5.0.jar:3.5.0]
	at org.springframework.boot.SpringApplication.refresh(SpringApplication.java:753) ~[spring-boot-3.5.0.jar:3.5.0]
	at org.springframework.boot.SpringApplication.refreshContext(SpringApplication.java:439) ~[spring-boot-3.5.0.jar:3.5.0]
	at org.springframework.boot.SpringApplication.run(SpringApplication.java:318) ~[spring-boot-3.5.0.jar:3.5.0]
	at org.springframework.boot.SpringApplication.run(SpringApplication.java:1362) ~[spring-boot-3.5.0.jar:3.5.0]
	at org.springframework.boot.SpringApplication.run(SpringApplication.java:1351) ~[spring-boot-3.5.0.jar:3.5.0]
	at net.mims.lakes.MinnLakesApplication.main(MinnLakesApplication.java:24) ~[classes/:?]
Caused by: org.springframework.boot.web.server.WebServerException: Unable to start embedded Tomcat
	at org.springframework.boot.web.embedded.tomcat.TomcatWebServer.initialize(TomcatWebServer.java:147) ~[spring-boot-3.5.0.jar:3.5.0]
	at org.springframework.boot.web.embedded.tomcat.TomcatWebServer.<init>(TomcatWebServer.java:107) ~[spring-boot-3.5.0.jar:3.5.0]
	at org.springframework.boot.web.embedded.tomcat.TomcatServletWebServerFactory.getTomcatWebServer(TomcatServletWebServerFactory.java:517) ~[spring-boot-3.5.0.jar:3.5.0]
	at org.springframework.boot.web.embedded.tomcat.TomcatServletWebServerFactory.getWebServer(TomcatServletWebServerFactory.java:219) ~[spring-boot-3.5.0.jar:3.5.0]
	at org.springframework.boot.web.servlet.context.ServletWebServerApplicationContext.createWebServer(ServletWebServerApplicationContext.java:193) ~[spring-boot-3.5.0.jar:3.5.0]
	at org.springframework.boot.web.servlet.context.ServletWebServerApplicationContext.onRefresh(ServletWebServerApplicationContext.java:167) ~[spring-boot-3.5.0.jar:3.5.0]
	... 8 more
Caused by: java.lang.IllegalStateException: StandardEngine[Tomcat].StandardHost[localhost].TomcatEmbeddedContext[] failed to start
	at org.springframework.boot.web.embedded.tomcat.TomcatWebServer.rethrowDeferredStartupExceptions(TomcatWebServer.java:209) ~[spring-boot-3.5.0.jar:3.5.0]
	at org.springframework.boot.web.embedded.tomcat.TomcatWebServer.initialize(TomcatWebServer.java:131) ~[spring-boot-3.5.0.jar:3.5.0]
	at org.springframework.boot.web.embedded.tomcat.TomcatWebServer.<init>(TomcatWebServer.java:107) ~[spring-boot-3.5.0.jar:3.5.0]
	at org.springframework.boot.web.embedded.tomcat.TomcatServletWebServerFactory.getTomcatWebServer(TomcatServletWebServerFactory.java:517) ~[spring-boot-3.5.0.jar:3.5.0]
	at org.springframework.boot.web.embedded.tomcat.TomcatServletWebServerFactory.getWebServer(TomcatServletWebServerFactory.java:219) ~[spring-boot-3.5.0.jar:3.5.0]
	at org.springframework.boot.web.servlet.context.ServletWebServerApplicationContext.createWebServer(ServletWebServerApplicationContext.java:193) ~[spring-boot-3.5.0.jar:3.5.0]
	at org.springframework.boot.web.servlet.context.ServletWebServerApplicationContext.onRefresh(ServletWebServerApplicationContext.java:167) ~[spring-boot-3.5.0.jar:3.5.0]
	... 8 more
INFO  2025-06-08 20:14:15,427 [main] [{}] net.mims.lakes.MinnLakesApplication: Starting MinnLakesApplication using Java 21.0.6 with PID 29569 (/home/leroy/NetBeansProjects/MinnLakesAPI/target/classes started by leroy in /home/leroy/NetBeansProjects/MinnLakesAPI)
INFO  2025-06-08 20:14:15,427 [main] [{}] net.mims.lakes.MinnLakesApplication: Starting MinnLakesApplication using Java 21.0.6 with PID 29569 (/home/leroy/NetBeansProjects/MinnLakesAPI/target/classes started by leroy in /home/leroy/NetBeansProjects/MinnLakesAPI)
INFO  2025-06-08 20:14:15,427 [main] [{}] net.mims.lakes.MinnLakesApplication: No active profile set, falling back to 1 default profile: "default"
INFO  2025-06-08 20:14:15,427 [main] [{}] net.mims.lakes.MinnLakesApplication: No active profile set, falling back to 1 default profile: "default"
INFO  2025-06-08 20:14:15,955 [main] [{}] org.springframework.data.repository.config.RepositoryConfigurationDelegate: Bootstrapping Spring Data JPA repositories in DEFAULT mode.
INFO  2025-06-08 20:14:16,033 [main] [{}] org.springframework.data.repository.config.RepositoryConfigurationDelegate: Finished Spring Data repository scanning in 72 ms. Found 2 JPA repository interfaces.
INFO  2025-06-08 20:14:16,426 [main] [{}] org.springframework.boot.web.embedded.tomcat.TomcatWebServer: Tomcat initialized with port 8080 (http)
INFO  2025-06-08 20:14:16,439 [main] [{}] org.apache.coyote.http11.Http11NioProtocol: Initializing ProtocolHandler ["http-nio-8080"]
INFO  2025-06-08 20:14:16,440 [main] [{}] org.apache.catalina.core.StandardService: Starting service [Tomcat]
INFO  2025-06-08 20:14:16,441 [main] [{}] org.apache.catalina.core.StandardEngine: Starting Servlet engine: [Apache Tomcat/10.1.41]
INFO  2025-06-08 20:14:16,482 [main] [{}] org.apache.catalina.core.ContainerBase.[Tomcat].[localhost].[/]: Initializing Spring embedded WebApplicationContext
INFO  2025-06-08 20:14:16,483 [main] [{}] org.springframework.boot.web.servlet.context.ServletWebServerApplicationContext: Root WebApplicationContext: initialization completed in 1017 ms
ERROR 2025-06-08 20:14:16,508 [main] [{}] org.apache.catalina.core.ContainerBase.[Tomcat].[localhost].[/]: Exception starting filter [requestContextFilter]
java.lang.NoClassDefFoundError: jakarta/annotation/PostConstruct
	at org.apache.catalina.core.DefaultInstanceManager.findPostConstruct(DefaultInstanceManager.java:636) ~[tomcat-embed-core-10.1.41.jar:10.1.41]
	at org.apache.catalina.core.DefaultInstanceManager.populateAnnotationsCache(DefaultInstanceManager.java:339) ~[tomcat-embed-core-10.1.41.jar:10.1.41]
	at org.apache.catalina.core.DefaultInstanceManager.newInstance(DefaultInstanceManager.java:164) ~[tomcat-embed-core-10.1.41.jar:10.1.41]
	at org.apache.catalina.core.DefaultInstanceManager.newInstance(DefaultInstanceManager.java:157) ~[tomcat-embed-core-10.1.41.jar:10.1.41]
	at org.apache.catalina.core.ApplicationFilterConfig.<init>(ApplicationFilterConfig.java:101) ~[tomcat-embed-core-10.1.41.jar:10.1.41]
	at org.apache.catalina.core.StandardContext.filterStart(StandardContext.java:3895) ~[tomcat-embed-core-10.1.41.jar:10.1.41]
	at org.apache.catalina.core.StandardContext.startInternal(StandardContext.java:4500) ~[tomcat-embed-core-10.1.41.jar:10.1.41]
	at org.apache.catalina.util.LifecycleBase.start(LifecycleBase.java:164) ~[tomcat-embed-core-10.1.41.jar:10.1.41]
	at org.apache.catalina.core.ContainerBase$StartChild.call(ContainerBase.java:1203) ~[tomcat-embed-core-10.1.41.jar:10.1.41]
	at org.apache.catalina.core.ContainerBase$StartChild.call(ContainerBase.java:1193) ~[tomcat-embed-core-10.1.41.jar:10.1.41]
	at java.base/java.util.concurrent.FutureTask.run(FutureTask.java:317) ~[?:?]
	at org.apache.tomcat.util.threads.InlineExecutorService.execute(InlineExecutorService.java:75) ~[tomcat-embed-core-10.1.41.jar:10.1.41]
	at java.base/java.util.concurrent.AbstractExecutorService.submit(AbstractExecutorService.java:145) ~[?:?]
	at org.apache.catalina.core.ContainerBase.startInternal(ContainerBase.java:749) ~[tomcat-embed-core-10.1.41.jar:10.1.41]
	at org.apache.catalina.core.StandardHost.startInternal(StandardHost.java:772) ~[tomcat-embed-core-10.1.41.jar:10.1.41]
	at org.apache.catalina.util.LifecycleBase.start(LifecycleBase.java:164) ~[tomcat-embed-core-10.1.41.jar:10.1.41]
	at org.apache.catalina.core.ContainerBase$StartChild.call(ContainerBase.java:1203) ~[tomcat-embed-core-10.1.41.jar:10.1.41]
	at org.apache.catalina.core.ContainerBase$StartChild.call(ContainerBase.java:1193) ~[tomcat-embed-core-10.1.41.jar:10.1.41]
	at java.base/java.util.concurrent.FutureTask.run(FutureTask.java:317) ~[?:?]
	at org.apache.tomcat.util.threads.InlineExecutorService.execute(InlineExecutorService.java:75) ~[tomcat-embed-core-10.1.41.jar:10.1.41]
	at java.base/java.util.concurrent.AbstractExecutorService.submit(AbstractExecutorService.java:145) ~[?:?]
	at org.apache.catalina.core.ContainerBase.startInternal(ContainerBase.java:749) ~[tomcat-embed-core-10.1.41.jar:10.1.41]
	at org.apache.catalina.core.StandardEngine.startInternal(StandardEngine.java:203) ~[tomcat-embed-core-10.1.41.jar:10.1.41]
	at org.apache.catalina.util.LifecycleBase.start(LifecycleBase.java:164) ~[tomcat-embed-core-10.1.41.jar:10.1.41]
	at org.apache.catalina.core.StandardService.startInternal(StandardService.java:412) ~[tomcat-embed-core-10.1.41.jar:10.1.41]
	at org.apache.catalina.util.LifecycleBase.start(LifecycleBase.java:164) ~[tomcat-embed-core-10.1.41.jar:10.1.41]
	at org.apache.catalina.core.StandardServer.startInternal(StandardServer.java:870) ~[tomcat-embed-core-10.1.41.jar:10.1.41]
	at org.apache.catalina.util.LifecycleBase.start(LifecycleBase.java:164) ~[tomcat-embed-core-10.1.41.jar:10.1.41]
	at org.apache.catalina.startup.Tomcat.start(Tomcat.java:438) ~[tomcat-embed-core-10.1.41.jar:10.1.41]
	at org.springframework.boot.web.embedded.tomcat.TomcatWebServer.initialize(TomcatWebServer.java:128) ~[spring-boot-3.5.0.jar:3.5.0]
	at org.springframework.boot.web.embedded.tomcat.TomcatWebServer.<init>(TomcatWebServer.java:107) ~[spring-boot-3.5.0.jar:3.5.0]
	at org.springframework.boot.web.embedded.tomcat.TomcatServletWebServerFactory.getTomcatWebServer(TomcatServletWebServerFactory.java:517) ~[spring-boot-3.5.0.jar:3.5.0]
	at org.springframework.boot.web.embedded.tomcat.TomcatServletWebServerFactory.getWebServer(TomcatServletWebServerFactory.java:219) ~[spring-boot-3.5.0.jar:3.5.0]
	at org.springframework.boot.web.servlet.context.ServletWebServerApplicationContext.createWebServer(ServletWebServerApplicationContext.java:193) ~[spring-boot-3.5.0.jar:3.5.0]
	at org.springframework.boot.web.servlet.context.ServletWebServerApplicationContext.onRefresh(ServletWebServerApplicationContext.java:167) ~[spring-boot-3.5.0.jar:3.5.0]
	at org.springframework.context.support.AbstractApplicationContext.refresh(AbstractApplicationContext.java:621) ~[spring-context-6.2.7.jar:6.2.7]
	at org.springframework.boot.web.servlet.context.ServletWebServerApplicationContext.refresh(ServletWebServerApplicationContext.java:146) ~[spring-boot-3.5.0.jar:3.5.0]
	at org.springframework.boot.SpringApplication.refresh(SpringApplication.java:753) ~[spring-boot-3.5.0.jar:3.5.0]
	at org.springframework.boot.SpringApplication.refreshContext(SpringApplication.java:439) ~[spring-boot-3.5.0.jar:3.5.0]
	at org.springframework.boot.SpringApplication.run(SpringApplication.java:318) ~[spring-boot-3.5.0.jar:3.5.0]
	at org.springframework.boot.SpringApplication.run(SpringApplication.java:1362) ~[spring-boot-3.5.0.jar:3.5.0]
	at org.springframework.boot.SpringApplication.run(SpringApplication.java:1351) ~[spring-boot-3.5.0.jar:3.5.0]
	at net.mims.lakes.MinnLakesApplication.main(MinnLakesApplication.java:24) ~[classes/:?]
Caused by: java.lang.ClassNotFoundException: jakarta.annotation.PostConstruct
	at java.base/jdk.internal.loader.BuiltinClassLoader.loadClass(BuiltinClassLoader.java:641) ~[?:?]
	at java.base/jdk.internal.loader.ClassLoaders$AppClassLoader.loadClass(ClassLoaders.java:188) ~[?:?]
	at java.base/java.lang.ClassLoader.loadClass(ClassLoader.java:526) ~[?:?]
	... 43 more
ERROR 2025-06-08 20:14:16,508 [main] [{}] org.apache.catalina.core.ContainerBase.[Tomcat].[localhost].[/]: Exception starting filter [resourceUrlEncodingFilter]
java.lang.NoClassDefFoundError: jakarta/annotation/PostConstruct
	at org.apache.catalina.core.DefaultInstanceManager.findPostConstruct(DefaultInstanceManager.java:636) ~[tomcat-embed-core-10.1.41.jar:10.1.41]
	at org.apache.catalina.core.DefaultInstanceManager.populateAnnotationsCache(DefaultInstanceManager.java:339) ~[tomcat-embed-core-10.1.41.jar:10.1.41]
	at org.apache.catalina.core.DefaultInstanceManager.newInstance(DefaultInstanceManager.java:164) ~[tomcat-embed-core-10.1.41.jar:10.1.41]
	at org.apache.catalina.core.DefaultInstanceManager.newInstance(DefaultInstanceManager.java:157) ~[tomcat-embed-core-10.1.41.jar:10.1.41]
	at org.apache.catalina.core.ApplicationFilterConfig.<init>(ApplicationFilterConfig.java:101) ~[tomcat-embed-core-10.1.41.jar:10.1.41]
	at org.apache.catalina.core.StandardContext.filterStart(StandardContext.java:3895) ~[tomcat-embed-core-10.1.41.jar:10.1.41]
	at org.apache.catalina.core.StandardContext.startInternal(StandardContext.java:4500) ~[tomcat-embed-core-10.1.41.jar:10.1.41]
	at org.apache.catalina.util.LifecycleBase.start(LifecycleBase.java:164) ~[tomcat-embed-core-10.1.41.jar:10.1.41]
	at org.apache.catalina.core.ContainerBase$StartChild.call(ContainerBase.java:1203) ~[tomcat-embed-core-10.1.41.jar:10.1.41]
	at org.apache.catalina.core.ContainerBase$StartChild.call(ContainerBase.java:1193) ~[tomcat-embed-core-10.1.41.jar:10.1.41]
	at java.base/java.util.concurrent.FutureTask.run(FutureTask.java:317) ~[?:?]
	at org.apache.tomcat.util.threads.InlineExecutorService.execute(InlineExecutorService.java:75) ~[tomcat-embed-core-10.1.41.jar:10.1.41]
	at java.base/java.util.concurrent.AbstractExecutorService.submit(AbstractExecutorService.java:145) ~[?:?]
	at org.apache.catalina.core.ContainerBase.startInternal(ContainerBase.java:749) ~[tomcat-embed-core-10.1.41.jar:10.1.41]
	at org.apache.catalina.core.StandardHost.startInternal(StandardHost.java:772) ~[tomcat-embed-core-10.1.41.jar:10.1.41]
	at org.apache.catalina.util.LifecycleBase.start(LifecycleBase.java:164) ~[tomcat-embed-core-10.1.41.jar:10.1.41]
	at org.apache.catalina.core.ContainerBase$StartChild.call(ContainerBase.java:1203) ~[tomcat-embed-core-10.1.41.jar:10.1.41]
	at org.apache.catalina.core.ContainerBase$StartChild.call(ContainerBase.java:1193) ~[tomcat-embed-core-10.1.41.jar:10.1.41]
	at java.base/java.util.concurrent.FutureTask.run(FutureTask.java:317) ~[?:?]
	at org.apache.tomcat.util.threads.InlineExecutorService.execute(InlineExecutorService.java:75) ~[tomcat-embed-core-10.1.41.jar:10.1.41]
	at java.base/java.util.concurrent.AbstractExecutorService.submit(AbstractExecutorService.java:145) ~[?:?]
	at org.apache.catalina.core.ContainerBase.startInternal(ContainerBase.java:749) ~[tomcat-embed-core-10.1.41.jar:10.1.41]
	at org.apache.catalina.core.StandardEngine.startInternal(StandardEngine.java:203) ~[tomcat-embed-core-10.1.41.jar:10.1.41]
	at org.apache.catalina.util.LifecycleBase.start(LifecycleBase.java:164) ~[tomcat-embed-core-10.1.41.jar:10.1.41]
	at org.apache.catalina.core.StandardService.startInternal(StandardService.java:412) ~[tomcat-embed-core-10.1.41.jar:10.1.41]
	at org.apache.catalina.util.LifecycleBase.start(LifecycleBase.java:164) ~[tomcat-embed-core-10.1.41.jar:10.1.41]
	at org.apache.catalina.core.StandardServer.startInternal(StandardServer.java:870) ~[tomcat-embed-core-10.1.41.jar:10.1.41]
	at org.apache.catalina.util.LifecycleBase.start(LifecycleBase.java:164) ~[tomcat-embed-core-10.1.41.jar:10.1.41]
	at org.apache.catalina.startup.Tomcat.start(Tomcat.java:438) ~[tomcat-embed-core-10.1.41.jar:10.1.41]
	at org.springframework.boot.web.embedded.tomcat.TomcatWebServer.initialize(TomcatWebServer.java:128) ~[spring-boot-3.5.0.jar:3.5.0]
	at org.springframework.boot.web.embedded.tomcat.TomcatWebServer.<init>(TomcatWebServer.java:107) ~[spring-boot-3.5.0.jar:3.5.0]
	at org.springframework.boot.web.embedded.tomcat.TomcatServletWebServerFactory.getTomcatWebServer(TomcatServletWebServerFactory.java:517) ~[spring-boot-3.5.0.jar:3.5.0]
	at org.springframework.boot.web.embedded.tomcat.TomcatServletWebServerFactory.getWebServer(TomcatServletWebServerFactory.java:219) ~[spring-boot-3.5.0.jar:3.5.0]
	at org.springframework.boot.web.servlet.context.ServletWebServerApplicationContext.createWebServer(ServletWebServerApplicationContext.java:193) ~[spring-boot-3.5.0.jar:3.5.0]
	at org.springframework.boot.web.servlet.context.ServletWebServerApplicationContext.onRefresh(ServletWebServerApplicationContext.java:167) ~[spring-boot-3.5.0.jar:3.5.0]
	at org.springframework.context.support.AbstractApplicationContext.refresh(AbstractApplicationContext.java:621) ~[spring-context-6.2.7.jar:6.2.7]
	at org.springframework.boot.web.servlet.context.ServletWebServerApplicationContext.refresh(ServletWebServerApplicationContext.java:146) ~[spring-boot-3.5.0.jar:3.5.0]
	at org.springframework.boot.SpringApplication.refresh(SpringApplication.java:753) ~[spring-boot-3.5.0.jar:3.5.0]
	at org.springframework.boot.SpringApplication.refreshContext(SpringApplication.java:439) ~[spring-boot-3.5.0.jar:3.5.0]
	at org.springframework.boot.SpringApplication.run(SpringApplication.java:318) ~[spring-boot-3.5.0.jar:3.5.0]
	at org.springframework.boot.SpringApplication.run(SpringApplication.java:1362) ~[spring-boot-3.5.0.jar:3.5.0]
	at org.springframework.boot.SpringApplication.run(SpringApplication.java:1351) ~[spring-boot-3.5.0.jar:3.5.0]
	at net.mims.lakes.MinnLakesApplication.main(MinnLakesApplication.java:24) ~[classes/:?]
Caused by: java.lang.ClassNotFoundException: jakarta.annotation.PostConstruct
	... 43 more
ERROR 2025-06-08 20:14:16,508 [main] [{}] org.apache.catalina.core.ContainerBase.[Tomcat].[localhost].[/]: Exception starting filter [Tomcat WebSocket (JSR356) Filter]
java.lang.NoClassDefFoundError: jakarta/annotation/PostConstruct
	at org.apache.catalina.core.DefaultInstanceManager.findPostConstruct(DefaultInstanceManager.java:636) ~[tomcat-embed-core-10.1.41.jar:10.1.41]
	at org.apache.catalina.core.DefaultInstanceManager.populateAnnotationsCache(DefaultInstanceManager.java:339) ~[tomcat-embed-core-10.1.41.jar:10.1.41]
	at org.apache.catalina.core.DefaultInstanceManager.newInstance(DefaultInstanceManager.java:164) ~[tomcat-embed-core-10.1.41.jar:10.1.41]
	at org.apache.catalina.core.DefaultInstanceManager.newInstance(DefaultInstanceManager.java:157) ~[tomcat-embed-core-10.1.41.jar:10.1.41]
	at org.apache.catalina.core.ApplicationFilterConfig.<init>(ApplicationFilterConfig.java:101) ~[tomcat-embed-core-10.1.41.jar:10.1.41]
	at org.apache.catalina.core.StandardContext.filterStart(StandardContext.java:3895) ~[tomcat-embed-core-10.1.41.jar:10.1.41]
	at org.apache.catalina.core.StandardContext.startInternal(StandardContext.java:4500) ~[tomcat-embed-core-10.1.41.jar:10.1.41]
	at org.apache.catalina.util.LifecycleBase.start(LifecycleBase.java:164) ~[tomcat-embed-core-10.1.41.jar:10.1.41]
	at org.apache.catalina.core.ContainerBase$StartChild.call(ContainerBase.java:1203) ~[tomcat-embed-core-10.1.41.jar:10.1.41]
	at org.apache.catalina.core.ContainerBase$StartChild.call(ContainerBase.java:1193) ~[tomcat-embed-core-10.1.41.jar:10.1.41]
	at java.base/java.util.concurrent.FutureTask.run(FutureTask.java:317) ~[?:?]
	at org.apache.tomcat.util.threads.InlineExecutorService.execute(InlineExecutorService.java:75) ~[tomcat-embed-core-10.1.41.jar:10.1.41]
	at java.base/java.util.concurrent.AbstractExecutorService.submit(AbstractExecutorService.java:145) ~[?:?]
	at org.apache.catalina.core.ContainerBase.startInternal(ContainerBase.java:749) ~[tomcat-embed-core-10.1.41.jar:10.1.41]
	at org.apache.catalina.core.StandardHost.startInternal(StandardHost.java:772) ~[tomcat-embed-core-10.1.41.jar:10.1.41]
	at org.apache.catalina.util.LifecycleBase.start(LifecycleBase.java:164) ~[tomcat-embed-core-10.1.41.jar:10.1.41]
	at org.apache.catalina.core.ContainerBase$StartChild.call(ContainerBase.java:1203) ~[tomcat-embed-core-10.1.41.jar:10.1.41]
	at org.apache.catalina.core.ContainerBase$StartChild.call(ContainerBase.java:1193) ~[tomcat-embed-core-10.1.41.jar:10.1.41]
	at java.base/java.util.concurrent.FutureTask.run(FutureTask.java:317) ~[?:?]
	at org.apache.tomcat.util.threads.InlineExecutorService.execute(InlineExecutorService.java:75) ~[tomcat-embed-core-10.1.41.jar:10.1.41]
	at java.base/java.util.concurrent.AbstractExecutorService.submit(AbstractExecutorService.java:145) ~[?:?]
	at org.apache.catalina.core.ContainerBase.startInternal(ContainerBase.java:749) ~[tomcat-embed-core-10.1.41.jar:10.1.41]
	at org.apache.catalina.core.StandardEngine.startInternal(StandardEngine.java:203) ~[tomcat-embed-core-10.1.41.jar:10.1.41]
	at org.apache.catalina.util.LifecycleBase.start(LifecycleBase.java:164) ~[tomcat-embed-core-10.1.41.jar:10.1.41]
	at org.apache.catalina.core.StandardService.startInternal(StandardService.java:412) ~[tomcat-embed-core-10.1.41.jar:10.1.41]
	at org.apache.catalina.util.LifecycleBase.start(LifecycleBase.java:164) ~[tomcat-embed-core-10.1.41.jar:10.1.41]
	at org.apache.catalina.core.StandardServer.startInternal(StandardServer.java:870) ~[tomcat-embed-core-10.1.41.jar:10.1.41]
	at org.apache.catalina.util.LifecycleBase.start(LifecycleBase.java:164) ~[tomcat-embed-core-10.1.41.jar:10.1.41]
	at org.apache.catalina.startup.Tomcat.start(Tomcat.java:438) ~[tomcat-embed-core-10.1.41.jar:10.1.41]
	at org.springframework.boot.web.embedded.tomcat.TomcatWebServer.initialize(TomcatWebServer.java:128) ~[spring-boot-3.5.0.jar:3.5.0]
	at org.springframework.boot.web.embedded.tomcat.TomcatWebServer.<init>(TomcatWebServer.java:107) ~[spring-boot-3.5.0.jar:3.5.0]
	at org.springframework.boot.web.embedded.tomcat.TomcatServletWebServerFactory.getTomcatWebServer(TomcatServletWebServerFactory.java:517) ~[spring-boot-3.5.0.jar:3.5.0]
	at org.springframework.boot.web.embedded.tomcat.TomcatServletWebServerFactory.getWebServer(TomcatServletWebServerFactory.java:219) ~[spring-boot-3.5.0.jar:3.5.0]
	at org.springframework.boot.web.servlet.context.ServletWebServerApplicationContext.createWebServer(ServletWebServerApplicationContext.java:193) ~[spring-boot-3.5.0.jar:3.5.0]
	at org.springframework.boot.web.servlet.context.ServletWebServerApplicationContext.onRefresh(ServletWebServerApplicationContext.java:167) ~[spring-boot-3.5.0.jar:3.5.0]
	at org.springframework.context.support.AbstractApplicationContext.refresh(AbstractApplicationContext.java:621) ~[spring-context-6.2.7.jar:6.2.7]
	at org.springframework.boot.web.servlet.context.ServletWebServerApplicationContext.refresh(ServletWebServerApplicationContext.java:146) ~[spring-boot-3.5.0.jar:3.5.0]
	at org.springframework.boot.SpringApplication.refresh(SpringApplication.java:753) ~[spring-boot-3.5.0.jar:3.5.0]
	at org.springframework.boot.SpringApplication.refreshContext(SpringApplication.java:439) ~[spring-boot-3.5.0.jar:3.5.0]
	at org.springframework.boot.SpringApplication.run(SpringApplication.java:318) ~[spring-boot-3.5.0.jar:3.5.0]
	at org.springframework.boot.SpringApplication.run(SpringApplication.java:1362) ~[spring-boot-3.5.0.jar:3.5.0]
	at org.springframework.boot.SpringApplication.run(SpringApplication.java:1351) ~[spring-boot-3.5.0.jar:3.5.0]
	at net.mims.lakes.MinnLakesApplication.main(MinnLakesApplication.java:24) ~[classes/:?]
Caused by: java.lang.ClassNotFoundException: jakarta.annotation.PostConstruct
	... 43 more
ERROR 2025-06-08 20:14:16,508 [main] [{}] org.apache.catalina.core.ContainerBase.[Tomcat].[localhost].[/]: Exception starting filter [characterEncodingFilter]
java.lang.NoClassDefFoundError: jakarta/annotation/PostConstruct
	at org.apache.catalina.core.DefaultInstanceManager.findPostConstruct(DefaultInstanceManager.java:636) ~[tomcat-embed-core-10.1.41.jar:10.1.41]
	at org.apache.catalina.core.DefaultInstanceManager.populateAnnotationsCache(DefaultInstanceManager.java:339) ~[tomcat-embed-core-10.1.41.jar:10.1.41]
	at org.apache.catalina.core.DefaultInstanceManager.newInstance(DefaultInstanceManager.java:164) ~[tomcat-embed-core-10.1.41.jar:10.1.41]
	at org.apache.catalina.core.DefaultInstanceManager.newInstance(DefaultInstanceManager.java:157) ~[tomcat-embed-core-10.1.41.jar:10.1.41]
	at org.apache.catalina.core.ApplicationFilterConfig.<init>(ApplicationFilterConfig.java:101) ~[tomcat-embed-core-10.1.41.jar:10.1.41]
	at org.apache.catalina.core.StandardContext.filterStart(StandardContext.java:3895) ~[tomcat-embed-core-10.1.41.jar:10.1.41]
	at org.apache.catalina.core.StandardContext.startInternal(StandardContext.java:4500) ~[tomcat-embed-core-10.1.41.jar:10.1.41]
	at org.apache.catalina.util.LifecycleBase.start(LifecycleBase.java:164) ~[tomcat-embed-core-10.1.41.jar:10.1.41]
	at org.apache.catalina.core.ContainerBase$StartChild.call(ContainerBase.java:1203) ~[tomcat-embed-core-10.1.41.jar:10.1.41]
	at org.apache.catalina.core.ContainerBase$StartChild.call(ContainerBase.java:1193) ~[tomcat-embed-core-10.1.41.jar:10.1.41]
	at java.base/java.util.concurrent.FutureTask.run(FutureTask.java:317) ~[?:?]
	at org.apache.tomcat.util.threads.InlineExecutorService.execute(InlineExecutorService.java:75) ~[tomcat-embed-core-10.1.41.jar:10.1.41]
	at java.base/java.util.concurrent.AbstractExecutorService.submit(AbstractExecutorService.java:145) ~[?:?]
	at org.apache.catalina.core.ContainerBase.startInternal(ContainerBase.java:749) ~[tomcat-embed-core-10.1.41.jar:10.1.41]
	at org.apache.catalina.core.StandardHost.startInternal(StandardHost.java:772) ~[tomcat-embed-core-10.1.41.jar:10.1.41]
	at org.apache.catalina.util.LifecycleBase.start(LifecycleBase.java:164) ~[tomcat-embed-core-10.1.41.jar:10.1.41]
	at org.apache.catalina.core.ContainerBase$StartChild.call(ContainerBase.java:1203) ~[tomcat-embed-core-10.1.41.jar:10.1.41]
	at org.apache.catalina.core.ContainerBase$StartChild.call(ContainerBase.java:1193) ~[tomcat-embed-core-10.1.41.jar:10.1.41]
	at java.base/java.util.concurrent.FutureTask.run(FutureTask.java:317) ~[?:?]
	at org.apache.tomcat.util.threads.InlineExecutorService.execute(InlineExecutorService.java:75) ~[tomcat-embed-core-10.1.41.jar:10.1.41]
	at java.base/java.util.concurrent.AbstractExecutorService.submit(AbstractExecutorService.java:145) ~[?:?]
	at org.apache.catalina.core.ContainerBase.startInternal(ContainerBase.java:749) ~[tomcat-embed-core-10.1.41.jar:10.1.41]
	at org.apache.catalina.core.StandardEngine.startInternal(StandardEngine.java:203) ~[tomcat-embed-core-10.1.41.jar:10.1.41]
	at org.apache.catalina.util.LifecycleBase.start(LifecycleBase.java:164) ~[tomcat-embed-core-10.1.41.jar:10.1.41]
	at org.apache.catalina.core.StandardService.startInternal(StandardService.java:412) ~[tomcat-embed-core-10.1.41.jar:10.1.41]
	at org.apache.catalina.util.LifecycleBase.start(LifecycleBase.java:164) ~[tomcat-embed-core-10.1.41.jar:10.1.41]
	at org.apache.catalina.core.StandardServer.startInternal(StandardServer.java:870) ~[tomcat-embed-core-10.1.41.jar:10.1.41]
	at org.apache.catalina.util.LifecycleBase.start(LifecycleBase.java:164) ~[tomcat-embed-core-10.1.41.jar:10.1.41]
	at org.apache.catalina.startup.Tomcat.start(Tomcat.java:438) ~[tomcat-embed-core-10.1.41.jar:10.1.41]
	at org.springframework.boot.web.embedded.tomcat.TomcatWebServer.initialize(TomcatWebServer.java:128) ~[spring-boot-3.5.0.jar:3.5.0]
	at org.springframework.boot.web.embedded.tomcat.TomcatWebServer.<init>(TomcatWebServer.java:107) ~[spring-boot-3.5.0.jar:3.5.0]
	at org.springframework.boot.web.embedded.tomcat.TomcatServletWebServerFactory.getTomcatWebServer(TomcatServletWebServerFactory.java:517) ~[spring-boot-3.5.0.jar:3.5.0]
	at org.springframework.boot.web.embedded.tomcat.TomcatServletWebServerFactory.getWebServer(TomcatServletWebServerFactory.java:219) ~[spring-boot-3.5.0.jar:3.5.0]
	at org.springframework.boot.web.servlet.context.ServletWebServerApplicationContext.createWebServer(ServletWebServerApplicationContext.java:193) ~[spring-boot-3.5.0.jar:3.5.0]
	at org.springframework.boot.web.servlet.context.ServletWebServerApplicationContext.onRefresh(ServletWebServerApplicationContext.java:167) ~[spring-boot-3.5.0.jar:3.5.0]
	at org.springframework.context.support.AbstractApplicationContext.refresh(AbstractApplicationContext.java:621) ~[spring-context-6.2.7.jar:6.2.7]
	at org.springframework.boot.web.servlet.context.ServletWebServerApplicationContext.refresh(ServletWebServerApplicationContext.java:146) ~[spring-boot-3.5.0.jar:3.5.0]
	at org.springframework.boot.SpringApplication.refresh(SpringApplication.java:753) ~[spring-boot-3.5.0.jar:3.5.0]
	at org.springframework.boot.SpringApplication.refreshContext(SpringApplication.java:439) ~[spring-boot-3.5.0.jar:3.5.0]
	at org.springframework.boot.SpringApplication.run(SpringApplication.java:318) ~[spring-boot-3.5.0.jar:3.5.0]
	at org.springframework.boot.SpringApplication.run(SpringApplication.java:1362) ~[spring-boot-3.5.0.jar:3.5.0]
	at org.springframework.boot.SpringApplication.run(SpringApplication.java:1351) ~[spring-boot-3.5.0.jar:3.5.0]
	at net.mims.lakes.MinnLakesApplication.main(MinnLakesApplication.java:24) ~[classes/:?]
Caused by: java.lang.ClassNotFoundException: jakarta.annotation.PostConstruct
	... 43 more
ERROR 2025-06-08 20:14:16,508 [main] [{}] org.apache.catalina.core.ContainerBase.[Tomcat].[localhost].[/]: Exception starting filter [formContentFilter]
java.lang.NoClassDefFoundError: jakarta/annotation/PostConstruct
	at org.apache.catalina.core.DefaultInstanceManager.findPostConstruct(DefaultInstanceManager.java:636) ~[tomcat-embed-core-10.1.41.jar:10.1.41]
	at org.apache.catalina.core.DefaultInstanceManager.populateAnnotationsCache(DefaultInstanceManager.java:339) ~[tomcat-embed-core-10.1.41.jar:10.1.41]
	at org.apache.catalina.core.DefaultInstanceManager.newInstance(DefaultInstanceManager.java:164) ~[tomcat-embed-core-10.1.41.jar:10.1.41]
	at org.apache.catalina.core.DefaultInstanceManager.newInstance(DefaultInstanceManager.java:157) ~[tomcat-embed-core-10.1.41.jar:10.1.41]
	at org.apache.catalina.core.ApplicationFilterConfig.<init>(ApplicationFilterConfig.java:101) ~[tomcat-embed-core-10.1.41.jar:10.1.41]
	at org.apache.catalina.core.StandardContext.filterStart(StandardContext.java:3895) ~[tomcat-embed-core-10.1.41.jar:10.1.41]
	at org.apache.catalina.core.StandardContext.startInternal(StandardContext.java:4500) ~[tomcat-embed-core-10.1.41.jar:10.1.41]
	at org.apache.catalina.util.LifecycleBase.start(LifecycleBase.java:164) ~[tomcat-embed-core-10.1.41.jar:10.1.41]
	at org.apache.catalina.core.ContainerBase$StartChild.call(ContainerBase.java:1203) ~[tomcat-embed-core-10.1.41.jar:10.1.41]
	at org.apache.catalina.core.ContainerBase$StartChild.call(ContainerBase.java:1193) ~[tomcat-embed-core-10.1.41.jar:10.1.41]
	at java.base/java.util.concurrent.FutureTask.run(FutureTask.java:317) ~[?:?]
	at org.apache.tomcat.util.threads.InlineExecutorService.execute(InlineExecutorService.java:75) ~[tomcat-embed-core-10.1.41.jar:10.1.41]
	at java.base/java.util.concurrent.AbstractExecutorService.submit(AbstractExecutorService.java:145) ~[?:?]
	at org.apache.catalina.core.ContainerBase.startInternal(ContainerBase.java:749) ~[tomcat-embed-core-10.1.41.jar:10.1.41]
	at org.apache.catalina.core.StandardHost.startInternal(StandardHost.java:772) ~[tomcat-embed-core-10.1.41.jar:10.1.41]
	at org.apache.catalina.util.LifecycleBase.start(LifecycleBase.java:164) ~[tomcat-embed-core-10.1.41.jar:10.1.41]
	at org.apache.catalina.core.ContainerBase$StartChild.call(ContainerBase.java:1203) ~[tomcat-embed-core-10.1.41.jar:10.1.41]
	at org.apache.catalina.core.ContainerBase$StartChild.call(ContainerBase.java:1193) ~[tomcat-embed-core-10.1.41.jar:10.1.41]
	at java.base/java.util.concurrent.FutureTask.run(FutureTask.java:317) ~[?:?]
	at org.apache.tomcat.util.threads.InlineExecutorService.execute(InlineExecutorService.java:75) ~[tomcat-embed-core-10.1.41.jar:10.1.41]
	at java.base/java.util.concurrent.AbstractExecutorService.submit(AbstractExecutorService.java:145) ~[?:?]
	at org.apache.catalina.core.ContainerBase.startInternal(ContainerBase.java:749) ~[tomcat-embed-core-10.1.41.jar:10.1.41]
	at org.apache.catalina.core.StandardEngine.startInternal(StandardEngine.java:203) ~[tomcat-embed-core-10.1.41.jar:10.1.41]
	at org.apache.catalina.util.LifecycleBase.start(LifecycleBase.java:164) ~[tomcat-embed-core-10.1.41.jar:10.1.41]
	at org.apache.catalina.core.StandardService.startInternal(StandardService.java:412) ~[tomcat-embed-core-10.1.41.jar:10.1.41]
	at org.apache.catalina.util.LifecycleBase.start(LifecycleBase.java:164) ~[tomcat-embed-core-10.1.41.jar:10.1.41]
	at org.apache.catalina.core.StandardServer.startInternal(StandardServer.java:870) ~[tomcat-embed-core-10.1.41.jar:10.1.41]
	at org.apache.catalina.util.LifecycleBase.start(LifecycleBase.java:164) ~[tomcat-embed-core-10.1.41.jar:10.1.41]
	at org.apache.catalina.startup.Tomcat.start(Tomcat.java:438) ~[tomcat-embed-core-10.1.41.jar:10.1.41]
	at org.springframework.boot.web.embedded.tomcat.TomcatWebServer.initialize(TomcatWebServer.java:128) ~[spring-boot-3.5.0.jar:3.5.0]
	at org.springframework.boot.web.embedded.tomcat.TomcatWebServer.<init>(TomcatWebServer.java:107) ~[spring-boot-3.5.0.jar:3.5.0]
	at org.springframework.boot.web.embedded.tomcat.TomcatServletWebServerFactory.getTomcatWebServer(TomcatServletWebServerFactory.java:517) ~[spring-boot-3.5.0.jar:3.5.0]
	at org.springframework.boot.web.embedded.tomcat.TomcatServletWebServerFactory.getWebServer(TomcatServletWebServerFactory.java:219) ~[spring-boot-3.5.0.jar:3.5.0]
	at org.springframework.boot.web.servlet.context.ServletWebServerApplicationContext.createWebServer(ServletWebServerApplicationContext.java:193) ~[spring-boot-3.5.0.jar:3.5.0]
	at org.springframework.boot.web.servlet.context.ServletWebServerApplicationContext.onRefresh(ServletWebServerApplicationContext.java:167) ~[spring-boot-3.5.0.jar:3.5.0]
	at org.springframework.context.support.AbstractApplicationContext.refresh(AbstractApplicationContext.java:621) ~[spring-context-6.2.7.jar:6.2.7]
	at org.springframework.boot.web.servlet.context.ServletWebServerApplicationContext.refresh(ServletWebServerApplicationContext.java:146) ~[spring-boot-3.5.0.jar:3.5.0]
	at org.springframework.boot.SpringApplication.refresh(SpringApplication.java:753) ~[spring-boot-3.5.0.jar:3.5.0]
	at org.springframework.boot.SpringApplication.refreshContext(SpringApplication.java:439) ~[spring-boot-3.5.0.jar:3.5.0]
	at org.springframework.boot.SpringApplication.run(SpringApplication.java:318) ~[spring-boot-3.5.0.jar:3.5.0]
	at org.springframework.boot.SpringApplication.run(SpringApplication.java:1362) ~[spring-boot-3.5.0.jar:3.5.0]
	at org.springframework.boot.SpringApplication.run(SpringApplication.java:1351) ~[spring-boot-3.5.0.jar:3.5.0]
	at net.mims.lakes.MinnLakesApplication.main(MinnLakesApplication.java:24) ~[classes/:?]
Caused by: java.lang.ClassNotFoundException: jakarta.annotation.PostConstruct
	... 43 more
ERROR 2025-06-08 20:14:16,508 [main] [{}] org.apache.catalina.core.StandardContext: One or more Filters failed to start. Full details will be found in the appropriate container log file
ERROR 2025-06-08 20:14:16,508 [main] [{}] org.apache.catalina.core.StandardContext: Context [] startup failed due to previous errors
INFO  2025-06-08 20:14:16,515 [main] [{}] org.apache.coyote.http11.Http11NioProtocol: Starting ProtocolHandler ["http-nio-8080"]
INFO  2025-06-08 20:14:16,524 [main] [{}] org.apache.coyote.http11.Http11NioProtocol: Pausing ProtocolHandler ["http-nio-8080"]
INFO  2025-06-08 20:14:16,525 [main] [{}] org.apache.catalina.core.StandardService: Stopping service [Tomcat]
INFO  2025-06-08 20:14:16,525 [main] [{}] org.apache.coyote.http11.Http11NioProtocol: Stopping ProtocolHandler ["http-nio-8080"]
INFO  2025-06-08 20:14:16,526 [main] [{}] org.apache.coyote.http11.Http11NioProtocol: Destroying ProtocolHandler ["http-nio-8080"]
WARN  2025-06-08 20:14:16,526 [main] [{}] org.springframework.boot.web.servlet.context.AnnotationConfigServletWebServerApplicationContext: Exception encountered during context initialization - cancelling refresh attempt: org.springframework.context.ApplicationContextException: Unable to start web server
INFO  2025-06-08 20:14:16,534 [main] [{}] org.springframework.boot.autoconfigure.logging.ConditionEvaluationReportLogger: 

Error starting ApplicationContext. To display the condition evaluation report re-run your application with 'debug' enabled.
ERROR 2025-06-08 20:14:16,543 [main] [{}] org.springframework.boot.SpringApplication: Application run failed
org.springframework.context.ApplicationContextException: Unable to start web server
	at org.springframework.boot.web.servlet.context.ServletWebServerApplicationContext.onRefresh(ServletWebServerApplicationContext.java:170) ~[spring-boot-3.5.0.jar:3.5.0]
	at org.springframework.context.support.AbstractApplicationContext.refresh(AbstractApplicationContext.java:621) ~[spring-context-6.2.7.jar:6.2.7]
	at org.springframework.boot.web.servlet.context.ServletWebServerApplicationContext.refresh(ServletWebServerApplicationContext.java:146) ~[spring-boot-3.5.0.jar:3.5.0]
	at org.springframework.boot.SpringApplication.refresh(SpringApplication.java:753) ~[spring-boot-3.5.0.jar:3.5.0]
	at org.springframework.boot.SpringApplication.refreshContext(SpringApplication.java:439) ~[spring-boot-3.5.0.jar:3.5.0]
	at org.springframework.boot.SpringApplication.run(SpringApplication.java:318) ~[spring-boot-3.5.0.jar:3.5.0]
	at org.springframework.boot.SpringApplication.run(SpringApplication.java:1362) ~[spring-boot-3.5.0.jar:3.5.0]
	at org.springframework.boot.SpringApplication.run(SpringApplication.java:1351) ~[spring-boot-3.5.0.jar:3.5.0]
	at net.mims.lakes.MinnLakesApplication.main(MinnLakesApplication.java:24) ~[classes/:?]
Caused by: org.springframework.boot.web.server.WebServerException: Unable to start embedded Tomcat
	at org.springframework.boot.web.embedded.tomcat.TomcatWebServer.initialize(TomcatWebServer.java:147) ~[spring-boot-3.5.0.jar:3.5.0]
	at org.springframework.boot.web.embedded.tomcat.TomcatWebServer.<init>(TomcatWebServer.java:107) ~[spring-boot-3.5.0.jar:3.5.0]
	at org.springframework.boot.web.embedded.tomcat.TomcatServletWebServerFactory.getTomcatWebServer(TomcatServletWebServerFactory.java:517) ~[spring-boot-3.5.0.jar:3.5.0]
	at org.springframework.boot.web.embedded.tomcat.TomcatServletWebServerFactory.getWebServer(TomcatServletWebServerFactory.java:219) ~[spring-boot-3.5.0.jar:3.5.0]
	at org.springframework.boot.web.servlet.context.ServletWebServerApplicationContext.createWebServer(ServletWebServerApplicationContext.java:193) ~[spring-boot-3.5.0.jar:3.5.0]
	at org.springframework.boot.web.servlet.context.ServletWebServerApplicationContext.onRefresh(ServletWebServerApplicationContext.java:167) ~[spring-boot-3.5.0.jar:3.5.0]
	... 8 more
Caused by: java.lang.IllegalStateException: StandardEngine[Tomcat].StandardHost[localhost].TomcatEmbeddedContext[] failed to start
	at org.springframework.boot.web.embedded.tomcat.TomcatWebServer.rethrowDeferredStartupExceptions(TomcatWebServer.java:209) ~[spring-boot-3.5.0.jar:3.5.0]
	at org.springframework.boot.web.embedded.tomcat.TomcatWebServer.initialize(TomcatWebServer.java:131) ~[spring-boot-3.5.0.jar:3.5.0]
	at org.springframework.boot.web.embedded.tomcat.TomcatWebServer.<init>(TomcatWebServer.java:107) ~[spring-boot-3.5.0.jar:3.5.0]
	at org.springframework.boot.web.embedded.tomcat.TomcatServletWebServerFactory.getTomcatWebServer(TomcatServletWebServerFactory.java:517) ~[spring-boot-3.5.0.jar:3.5.0]
	at org.springframework.boot.web.embedded.tomcat.TomcatServletWebServerFactory.getWebServer(TomcatServletWebServerFactory.java:219) ~[spring-boot-3.5.0.jar:3.5.0]
	at org.springframework.boot.web.servlet.context.ServletWebServerApplicationContext.createWebServer(ServletWebServerApplicationContext.java:193) ~[spring-boot-3.5.0.jar:3.5.0]
	at org.springframework.boot.web.servlet.context.ServletWebServerApplicationContext.onRefresh(ServletWebServerApplicationContext.java:167) ~[spring-boot-3.5.0.jar:3.5.0]
	... 8 more
INFO  2025-06-08 20:18:10,839 [main] [{}] net.mims.lakes.MinnLakesApplication: Starting MinnLakesApplication using Java 21.0.6 with PID 30606 (/home/leroy/NetBeansProjects/MinnLakesAPI/target/classes started by leroy in /home/leroy/NetBeansProjects/MinnLakesAPI)
INFO  2025-06-08 20:18:10,839 [main] [{}] net.mims.lakes.MinnLakesApplication: Starting MinnLakesApplication using Java 21.0.6 with PID 30606 (/home/leroy/NetBeansProjects/MinnLakesAPI/target/classes started by leroy in /home/leroy/NetBeansProjects/MinnLakesAPI)
INFO  2025-06-08 20:18:10,839 [main] [{}] net.mims.lakes.MinnLakesApplication: No active profile set, falling back to 1 default profile: "default"
INFO  2025-06-08 20:18:10,839 [main] [{}] net.mims.lakes.MinnLakesApplication: No active profile set, falling back to 1 default profile: "default"
INFO  2025-06-08 20:18:11,445 [main] [{}] org.springframework.data.repository.config.RepositoryConfigurationDelegate: Bootstrapping Spring Data JPA repositories in DEFAULT mode.
INFO  2025-06-08 20:18:11,544 [main] [{}] org.springframework.data.repository.config.RepositoryConfigurationDelegate: Finished Spring Data repository scanning in 92 ms. Found 2 JPA repository interfaces.
INFO  2025-06-08 20:18:11,960 [main] [{}] org.springframework.boot.web.embedded.tomcat.TomcatWebServer: Tomcat initialized with port 8080 (http)
INFO  2025-06-08 20:18:11,970 [main] [{}] org.apache.coyote.http11.Http11NioProtocol: Initializing ProtocolHandler ["http-nio-8080"]
INFO  2025-06-08 20:18:11,972 [main] [{}] org.apache.catalina.core.StandardService: Starting service [Tomcat]
INFO  2025-06-08 20:18:11,972 [main] [{}] org.apache.catalina.core.StandardEngine: Starting Servlet engine: [Apache Tomcat/10.1.41]
INFO  2025-06-08 20:18:12,007 [main] [{}] org.apache.catalina.core.ContainerBase.[Tomcat].[localhost].[/]: Initializing Spring embedded WebApplicationContext
INFO  2025-06-08 20:18:12,008 [main] [{}] org.springframework.boot.web.servlet.context.ServletWebServerApplicationContext: Root WebApplicationContext: initialization completed in 1117 ms
INFO  2025-06-08 20:18:12,124 [main] [{}] com.zaxxer.hikari.HikariDataSource: LakeHikariPool - Starting...
DEBUG 2025-06-08 20:18:12,135 [main] [{}] com.zaxxer.hikari.pool.PoolBase: LakeHikariPool - Attempting to create/setup new connection (18018a0f-6616-4f7f-8038-e415bf90e4c7)
DEBUG 2025-06-08 20:18:12,135 [main] [{}] com.zaxxer.hikari.pool.PoolBase: LakeHikariPool - Attempting to create/setup new connection (18018a0f-6616-4f7f-8038-e415bf90e4c7)
DEBUG 2025-06-08 20:18:12,324 [main] [{}] com.zaxxer.hikari.pool.PoolBase: LakeHikariPool - Established new connection (18018a0f-6616-4f7f-8038-e415bf90e4c7)
DEBUG 2025-06-08 20:18:12,324 [main] [{}] com.zaxxer.hikari.pool.PoolBase: LakeHikariPool - Established new connection (18018a0f-6616-4f7f-8038-e415bf90e4c7)
INFO  2025-06-08 20:18:12,325 [main] [{}] com.zaxxer.hikari.pool.HikariPool: LakeHikariPool - Added connection org.postgresql.jdbc.PgConnection@62ab5e63
INFO  2025-06-08 20:18:12,325 [main] [{}] com.zaxxer.hikari.pool.HikariPool: LakeHikariPool - Added connection org.postgresql.jdbc.PgConnection@62ab5e63
INFO  2025-06-08 20:18:12,326 [main] [{}] com.zaxxer.hikari.HikariDataSource: LakeHikariPool - Start completed.
INFO  2025-06-08 20:18:12,350 [main] [{}] org.hibernate.jpa.internal.util.LogHelper: HHH000204: Processing PersistenceUnitInfo [name: default]
INFO  2025-06-08 20:18:12,350 [main] [{}] org.hibernate.jpa.internal.util.LogHelper: HHH000204: Processing PersistenceUnitInfo [name: default]
INFO  2025-06-08 20:18:12,377 [main] [{}] org.hibernate.Version: HHH000412: Hibernate ORM core version 6.6.15.Final
INFO  2025-06-08 20:18:12,377 [main] [{}] org.hibernate.Version: HHH000412: Hibernate ORM core version 6.6.15.Final
INFO  2025-06-08 20:18:12,397 [main] [{}] org.hibernate.cache.internal.RegionFactoryInitiator: HHH000026: Second-level cache disabled
INFO  2025-06-08 20:18:12,397 [main] [{}] org.hibernate.cache.internal.RegionFactoryInitiator: HHH000026: Second-level cache disabled
DEBUG 2025-06-08 20:18:12,426 [LakeHikariPool:housekeeper] [{}] com.zaxxer.hikari.pool.HikariPool: LakeHikariPool - Before cleanup stats (total=1/10, idle=1/5, active=0, waiting=0)
DEBUG 2025-06-08 20:18:12,426 [LakeHikariPool:housekeeper] [{}] com.zaxxer.hikari.pool.HikariPool: LakeHikariPool - Before cleanup stats (total=1/10, idle=1/5, active=0, waiting=0)
DEBUG 2025-06-08 20:18:12,426 [LakeHikariPool:housekeeper] [{}] com.zaxxer.hikari.pool.HikariPool: LakeHikariPool - After cleanup  stats (total=1/10, idle=1/5, active=0, waiting=0)
DEBUG 2025-06-08 20:18:12,426 [LakeHikariPool:housekeeper] [{}] com.zaxxer.hikari.pool.HikariPool: LakeHikariPool - After cleanup  stats (total=1/10, idle=1/5, active=0, waiting=0)
DEBUG 2025-06-08 20:18:12,427 [LakeHikariPool:connection-adder] [{}] com.zaxxer.hikari.pool.PoolBase: LakeHikariPool - Attempting to create/setup new connection (e0ee4ecd-9b36-4d1d-bb3c-29c8c2ad922b)
DEBUG 2025-06-08 20:18:12,427 [LakeHikariPool:connection-adder] [{}] com.zaxxer.hikari.pool.PoolBase: LakeHikariPool - Attempting to create/setup new connection (e0ee4ecd-9b36-4d1d-bb3c-29c8c2ad922b)
DEBUG 2025-06-08 20:18:12,447 [LakeHikariPool:connection-adder] [{}] com.zaxxer.hikari.pool.PoolBase: LakeHikariPool - Established new connection (e0ee4ecd-9b36-4d1d-bb3c-29c8c2ad922b)
DEBUG 2025-06-08 20:18:12,447 [LakeHikariPool:connection-adder] [{}] com.zaxxer.hikari.pool.PoolBase: LakeHikariPool - Established new connection (e0ee4ecd-9b36-4d1d-bb3c-29c8c2ad922b)
DEBUG 2025-06-08 20:18:12,447 [LakeHikariPool:connection-adder] [{}] com.zaxxer.hikari.pool.HikariPool: LakeHikariPool - Added connection org.postgresql.jdbc.PgConnection@1689d271
DEBUG 2025-06-08 20:18:12,447 [LakeHikariPool:connection-adder] [{}] com.zaxxer.hikari.pool.HikariPool: LakeHikariPool - Added connection org.postgresql.jdbc.PgConnection@1689d271
DEBUG 2025-06-08 20:18:12,477 [LakeHikariPool:connection-adder] [{}] com.zaxxer.hikari.pool.HikariPool: LakeHikariPool - After adding stats (total=2/10, idle=2/5, active=0, waiting=0)
DEBUG 2025-06-08 20:18:12,477 [LakeHikariPool:connection-adder] [{}] com.zaxxer.hikari.pool.HikariPool: LakeHikariPool - After adding stats (total=2/10, idle=2/5, active=0, waiting=0)
DEBUG 2025-06-08 20:18:12,477 [LakeHikariPool:connection-adder] [{}] com.zaxxer.hikari.pool.PoolBase: LakeHikariPool - Attempting to create/setup new connection (9a7b975a-0eac-4824-a8bf-5a89523638f9)
DEBUG 2025-06-08 20:18:12,477 [LakeHikariPool:connection-adder] [{}] com.zaxxer.hikari.pool.PoolBase: LakeHikariPool - Attempting to create/setup new connection (9a7b975a-0eac-4824-a8bf-5a89523638f9)
DEBUG 2025-06-08 20:18:12,489 [LakeHikariPool:connection-adder] [{}] com.zaxxer.hikari.pool.PoolBase: LakeHikariPool - Established new connection (9a7b975a-0eac-4824-a8bf-5a89523638f9)
DEBUG 2025-06-08 20:18:12,489 [LakeHikariPool:connection-adder] [{}] com.zaxxer.hikari.pool.PoolBase: LakeHikariPool - Established new connection (9a7b975a-0eac-4824-a8bf-5a89523638f9)
DEBUG 2025-06-08 20:18:12,489 [LakeHikariPool:connection-adder] [{}] com.zaxxer.hikari.pool.HikariPool: LakeHikariPool - Added connection org.postgresql.jdbc.PgConnection@184e2ed0
DEBUG 2025-06-08 20:18:12,489 [LakeHikariPool:connection-adder] [{}] com.zaxxer.hikari.pool.HikariPool: LakeHikariPool - Added connection org.postgresql.jdbc.PgConnection@184e2ed0
DEBUG 2025-06-08 20:18:12,519 [LakeHikariPool:connection-adder] [{}] com.zaxxer.hikari.pool.HikariPool: LakeHikariPool - After adding stats (total=3/10, idle=3/5, active=0, waiting=0)
DEBUG 2025-06-08 20:18:12,519 [LakeHikariPool:connection-adder] [{}] com.zaxxer.hikari.pool.HikariPool: LakeHikariPool - After adding stats (total=3/10, idle=3/5, active=0, waiting=0)
DEBUG 2025-06-08 20:18:12,519 [LakeHikariPool:connection-adder] [{}] com.zaxxer.hikari.pool.PoolBase: LakeHikariPool - Attempting to create/setup new connection (f82e1385-8be2-477f-9db5-7554e5711fc7)
DEBUG 2025-06-08 20:18:12,519 [LakeHikariPool:connection-adder] [{}] com.zaxxer.hikari.pool.PoolBase: LakeHikariPool - Attempting to create/setup new connection (f82e1385-8be2-477f-9db5-7554e5711fc7)
DEBUG 2025-06-08 20:18:12,532 [LakeHikariPool:connection-adder] [{}] com.zaxxer.hikari.pool.PoolBase: LakeHikariPool - Established new connection (f82e1385-8be2-477f-9db5-7554e5711fc7)
DEBUG 2025-06-08 20:18:12,532 [LakeHikariPool:connection-adder] [{}] com.zaxxer.hikari.pool.PoolBase: LakeHikariPool - Established new connection (f82e1385-8be2-477f-9db5-7554e5711fc7)
DEBUG 2025-06-08 20:18:12,532 [LakeHikariPool:connection-adder] [{}] com.zaxxer.hikari.pool.HikariPool: LakeHikariPool - Added connection org.postgresql.jdbc.PgConnection@1c71b901
DEBUG 2025-06-08 20:18:12,532 [LakeHikariPool:connection-adder] [{}] com.zaxxer.hikari.pool.HikariPool: LakeHikariPool - Added connection org.postgresql.jdbc.PgConnection@1c71b901
DEBUG 2025-06-08 20:18:12,562 [LakeHikariPool:connection-adder] [{}] com.zaxxer.hikari.pool.HikariPool: LakeHikariPool - After adding stats (total=4/10, idle=4/5, active=0, waiting=0)
DEBUG 2025-06-08 20:18:12,562 [LakeHikariPool:connection-adder] [{}] com.zaxxer.hikari.pool.HikariPool: LakeHikariPool - After adding stats (total=4/10, idle=4/5, active=0, waiting=0)
DEBUG 2025-06-08 20:18:12,562 [LakeHikariPool:connection-adder] [{}] com.zaxxer.hikari.pool.PoolBase: LakeHikariPool - Attempting to create/setup new connection (74dbc148-576e-45c3-a593-f83b3d913065)
DEBUG 2025-06-08 20:18:12,562 [LakeHikariPool:connection-adder] [{}] com.zaxxer.hikari.pool.PoolBase: LakeHikariPool - Attempting to create/setup new connection (74dbc148-576e-45c3-a593-f83b3d913065)
INFO  2025-06-08 20:18:12,568 [main] [{}] org.springframework.orm.jpa.persistenceunit.SpringPersistenceUnitInfo: No LoadTimeWeaver setup: ignoring JPA class transformer
DEBUG 2025-06-08 20:18:12,577 [LakeHikariPool:connection-adder] [{}] com.zaxxer.hikari.pool.PoolBase: LakeHikariPool - Established new connection (74dbc148-576e-45c3-a593-f83b3d913065)
DEBUG 2025-06-08 20:18:12,577 [LakeHikariPool:connection-adder] [{}] com.zaxxer.hikari.pool.PoolBase: LakeHikariPool - Established new connection (74dbc148-576e-45c3-a593-f83b3d913065)
DEBUG 2025-06-08 20:18:12,578 [LakeHikariPool:connection-adder] [{}] com.zaxxer.hikari.pool.HikariPool: LakeHikariPool - Added connection org.postgresql.jdbc.PgConnection@597324eb
DEBUG 2025-06-08 20:18:12,578 [LakeHikariPool:connection-adder] [{}] com.zaxxer.hikari.pool.HikariPool: LakeHikariPool - Added connection org.postgresql.jdbc.PgConnection@597324eb
DEBUG 2025-06-08 20:18:12,608 [LakeHikariPool:connection-adder] [{}] com.zaxxer.hikari.pool.HikariPool: LakeHikariPool - After adding stats (total=5/10, idle=4/5, active=1, waiting=0)
DEBUG 2025-06-08 20:18:12,608 [LakeHikariPool:connection-adder] [{}] com.zaxxer.hikari.pool.HikariPool: LakeHikariPool - After adding stats (total=5/10, idle=4/5, active=1, waiting=0)
INFO  2025-06-08 20:18:12,618 [main] [{}] org.hibernate.orm.connections.pooling: HHH10001005: Database info:
	Database JDBC URL [Connecting through datasource 'HikariDataSource (LakeHikariPool)']
	Database driver: undefined/unknown
	Database version: 14.15
	Autocommit mode: undefined/unknown
	Isolation level: undefined/unknown
	Minimum pool size: undefined/unknown
	Maximum pool size: undefined/unknown
INFO  2025-06-08 20:18:12,618 [main] [{}] org.hibernate.orm.connections.pooling: HHH10001005: Database info:
	Database JDBC URL [Connecting through datasource 'HikariDataSource (LakeHikariPool)']
	Database driver: undefined/unknown
	Database version: 14.15
	Autocommit mode: undefined/unknown
	Isolation level: undefined/unknown
	Minimum pool size: undefined/unknown
	Maximum pool size: undefined/unknown
INFO  2025-06-08 20:18:13,162 [main] [{}] org.hibernate.engine.transaction.jta.platform.internal.JtaPlatformInitiator: HHH000489: No JTA platform available (set 'hibernate.transaction.jta.platform' to enable JTA platform integration)
INFO  2025-06-08 20:18:13,162 [main] [{}] org.hibernate.engine.transaction.jta.platform.internal.JtaPlatformInitiator: HHH000489: No JTA platform available (set 'hibernate.transaction.jta.platform' to enable JTA platform integration)
INFO  2025-06-08 20:18:13,164 [main] [{}] org.springframework.orm.jpa.LocalContainerEntityManagerFactoryBean: Initialized JPA EntityManagerFactory for persistence unit 'default'
WARN  2025-06-08 20:18:13,506 [main] [{}] org.springframework.boot.autoconfigure.orm.jpa.JpaBaseConfiguration$JpaWebConfiguration: spring.jpa.open-in-view is enabled by default. Therefore, database queries may be performed during view rendering. Explicitly configure spring.jpa.open-in-view to disable this warning
INFO  2025-06-08 20:18:13,593 [main] [{}] org.springframework.boot.autoconfigure.web.servlet.WelcomePageHandlerMapping: Adding welcome page template: index
INFO  2025-06-08 20:18:13,608 [main] [{}] org.springframework.validation.beanvalidation.OptionalValidatorFactoryBean: Failed to set up a Bean Validation provider: jakarta.validation.NoProviderFoundException: Unable to create a Configuration, because no Jakarta Bean Validation provider could be found. Add a provider like Hibernate Validator (RI) to your classpath.
INFO  2025-06-08 20:18:14,013 [main] [{}] org.apache.coyote.http11.Http11NioProtocol: Starting ProtocolHandler ["http-nio-8080"]
INFO  2025-06-08 20:18:14,021 [main] [{}] org.springframework.boot.web.embedded.tomcat.TomcatWebServer: Tomcat started on port 8080 (http) with context path '/'
INFO  2025-06-08 20:18:14,032 [main] [{}] net.mims.lakes.MinnLakesApplication: Started MinnLakesApplication in 3.508 seconds (process running for 4.179)
INFO  2025-06-08 20:18:14,032 [main] [{}] net.mims.lakes.MinnLakesApplication: Started MinnLakesApplication in 3.508 seconds (process running for 4.179)
DEBUG 2025-06-08 20:18:42,427 [LakeHikariPool:housekeeper] [{}] com.zaxxer.hikari.pool.HikariPool: LakeHikariPool - Before cleanup stats (total=5/10, idle=5/5, active=0, waiting=0)
DEBUG 2025-06-08 20:18:42,427 [LakeHikariPool:housekeeper] [{}] com.zaxxer.hikari.pool.HikariPool: LakeHikariPool - Before cleanup stats (total=5/10, idle=5/5, active=0, waiting=0)
DEBUG 2025-06-08 20:18:42,427 [LakeHikariPool:housekeeper] [{}] com.zaxxer.hikari.pool.HikariPool: LakeHikariPool - After cleanup  stats (total=5/10, idle=5/5, active=0, waiting=0)
DEBUG 2025-06-08 20:18:42,427 [LakeHikariPool:housekeeper] [{}] com.zaxxer.hikari.pool.HikariPool: LakeHikariPool - After cleanup  stats (total=5/10, idle=5/5, active=0, waiting=0)
DEBUG 2025-06-08 20:18:42,427 [LakeHikariPool:housekeeper] [{}] com.zaxxer.hikari.pool.HikariPool: LakeHikariPool - Fill pool skipped, pool has sufficient level or currently being filled.
DEBUG 2025-06-08 20:18:42,427 [LakeHikariPool:housekeeper] [{}] com.zaxxer.hikari.pool.HikariPool: LakeHikariPool - Fill pool skipped, pool has sufficient level or currently being filled.
INFO  2025-06-08 20:19:03,829 [tomcat-handler-0] [{}] org.apache.catalina.core.ContainerBase.[Tomcat].[localhost].[/]: Initializing Spring DispatcherServlet 'dispatcherServlet'
INFO  2025-06-08 20:19:03,829 [tomcat-handler-0] [{}] org.springframework.web.servlet.DispatcherServlet: Initializing Servlet 'dispatcherServlet'
INFO  2025-06-08 20:19:03,830 [tomcat-handler-0] [{}] org.springframework.web.servlet.DispatcherServlet: Completed initialization in 1 ms
DEBUG 2025-06-08 20:19:12,427 [LakeHikariPool:housekeeper] [{}] com.zaxxer.hikari.pool.HikariPool: LakeHikariPool - Before cleanup stats (total=5/10, idle=5/5, active=0, waiting=0)
DEBUG 2025-06-08 20:19:12,427 [LakeHikariPool:housekeeper] [{}] com.zaxxer.hikari.pool.HikariPool: LakeHikariPool - Before cleanup stats (total=5/10, idle=5/5, active=0, waiting=0)
DEBUG 2025-06-08 20:19:12,428 [LakeHikariPool:housekeeper] [{}] com.zaxxer.hikari.pool.HikariPool: LakeHikariPool - After cleanup  stats (total=5/10, idle=5/5, active=0, waiting=0)
DEBUG 2025-06-08 20:19:12,428 [LakeHikariPool:housekeeper] [{}] com.zaxxer.hikari.pool.HikariPool: LakeHikariPool - After cleanup  stats (total=5/10, idle=5/5, active=0, waiting=0)
DEBUG 2025-06-08 20:19:12,428 [LakeHikariPool:housekeeper] [{}] com.zaxxer.hikari.pool.HikariPool: LakeHikariPool - Fill pool skipped, pool has sufficient level or currently being filled.
DEBUG 2025-06-08 20:19:12,428 [LakeHikariPool:housekeeper] [{}] com.zaxxer.hikari.pool.HikariPool: LakeHikariPool - Fill pool skipped, pool has sufficient level or currently being filled.
DEBUG 2025-06-08 20:19:42,428 [LakeHikariPool:housekeeper] [{}] com.zaxxer.hikari.pool.HikariPool: LakeHikariPool - Before cleanup stats (total=5/10, idle=5/5, active=0, waiting=0)
DEBUG 2025-06-08 20:19:42,428 [LakeHikariPool:housekeeper] [{}] com.zaxxer.hikari.pool.HikariPool: LakeHikariPool - Before cleanup stats (total=5/10, idle=5/5, active=0, waiting=0)
DEBUG 2025-06-08 20:19:42,428 [LakeHikariPool:housekeeper] [{}] com.zaxxer.hikari.pool.HikariPool: LakeHikariPool - After cleanup  stats (total=5/10, idle=5/5, active=0, waiting=0)
DEBUG 2025-06-08 20:19:42,428 [LakeHikariPool:housekeeper] [{}] com.zaxxer.hikari.pool.HikariPool: LakeHikariPool - After cleanup  stats (total=5/10, idle=5/5, active=0, waiting=0)
DEBUG 2025-06-08 20:19:42,428 [LakeHikariPool:housekeeper] [{}] com.zaxxer.hikari.pool.HikariPool: LakeHikariPool - Fill pool skipped, pool has sufficient level or currently being filled.
DEBUG 2025-06-08 20:19:42,428 [LakeHikariPool:housekeeper] [{}] com.zaxxer.hikari.pool.HikariPool: LakeHikariPool - Fill pool skipped, pool has sufficient level or currently being filled.
DEBUG 2025-06-08 20:20:03,966 [LakeHikariPool:housekeeper] [{}] com.zaxxer.hikari.pool.HikariPool: LakeHikariPool - keepalive: connection org.postgresql.jdbc.PgConnection@1c71b901 is alive
DEBUG 2025-06-08 20:20:03,966 [LakeHikariPool:housekeeper] [{}] com.zaxxer.hikari.pool.HikariPool: LakeHikariPool - keepalive: connection org.postgresql.jdbc.PgConnection@1c71b901 is alive
DEBUG 2025-06-08 20:20:05,892 [LakeHikariPool:housekeeper] [{}] com.zaxxer.hikari.pool.HikariPool: LakeHikariPool - keepalive: connection org.postgresql.jdbc.PgConnection@184e2ed0 is alive
DEBUG 2025-06-08 20:20:05,892 [LakeHikariPool:housekeeper] [{}] com.zaxxer.hikari.pool.HikariPool: LakeHikariPool - keepalive: connection org.postgresql.jdbc.PgConnection@184e2ed0 is alive
DEBUG 2025-06-08 20:20:06,101 [LakeHikariPool:housekeeper] [{}] com.zaxxer.hikari.pool.HikariPool: LakeHikariPool - keepalive: connection org.postgresql.jdbc.PgConnection@597324eb is alive
DEBUG 2025-06-08 20:20:06,101 [LakeHikariPool:housekeeper] [{}] com.zaxxer.hikari.pool.HikariPool: LakeHikariPool - keepalive: connection org.postgresql.jdbc.PgConnection@597324eb is alive
DEBUG 2025-06-08 20:20:07,311 [LakeHikariPool:housekeeper] [{}] com.zaxxer.hikari.pool.HikariPool: LakeHikariPool - keepalive: connection org.postgresql.jdbc.PgConnection@62ab5e63 is alive
DEBUG 2025-06-08 20:20:07,311 [LakeHikariPool:housekeeper] [{}] com.zaxxer.hikari.pool.HikariPool: LakeHikariPool - keepalive: connection org.postgresql.jdbc.PgConnection@62ab5e63 is alive
DEBUG 2025-06-08 20:20:12,320 [LakeHikariPool:housekeeper] [{}] com.zaxxer.hikari.pool.HikariPool: LakeHikariPool - keepalive: connection org.postgresql.jdbc.PgConnection@1689d271 is alive
DEBUG 2025-06-08 20:20:12,320 [LakeHikariPool:housekeeper] [{}] com.zaxxer.hikari.pool.HikariPool: LakeHikariPool - keepalive: connection org.postgresql.jdbc.PgConnection@1689d271 is alive
DEBUG 2025-06-08 20:20:12,428 [LakeHikariPool:housekeeper] [{}] com.zaxxer.hikari.pool.HikariPool: LakeHikariPool - Before cleanup stats (total=5/10, idle=5/5, active=0, waiting=0)
DEBUG 2025-06-08 20:20:12,428 [LakeHikariPool:housekeeper] [{}] com.zaxxer.hikari.pool.HikariPool: LakeHikariPool - Before cleanup stats (total=5/10, idle=5/5, active=0, waiting=0)
DEBUG 2025-06-08 20:20:12,428 [LakeHikariPool:housekeeper] [{}] com.zaxxer.hikari.pool.HikariPool: LakeHikariPool - After cleanup  stats (total=5/10, idle=5/5, active=0, waiting=0)
DEBUG 2025-06-08 20:20:12,428 [LakeHikariPool:housekeeper] [{}] com.zaxxer.hikari.pool.HikariPool: LakeHikariPool - After cleanup  stats (total=5/10, idle=5/5, active=0, waiting=0)
DEBUG 2025-06-08 20:20:12,428 [LakeHikariPool:housekeeper] [{}] com.zaxxer.hikari.pool.HikariPool: LakeHikariPool - Fill pool skipped, pool has sufficient level or currently being filled.
DEBUG 2025-06-08 20:20:12,428 [LakeHikariPool:housekeeper] [{}] com.zaxxer.hikari.pool.HikariPool: LakeHikariPool - Fill pool skipped, pool has sufficient level or currently being filled.
